A51 MACRO ASSEMBLER  LAVADERO                                                             11/22/2024 17:53:19 PAGE     1


MACRO ASSEMBLER A51 V6.14
OBJECT MODULE PLACED IN .\Lavadero.OBJ
ASSEMBLER INVOKED BY: C:\Keil\C51\BIN\A51.EXE .\Lavadero.a SET(SMALL) DEBUG EP

LOC  OBJ            LINE     SOURCE

                       1     ;Variables
  REG                  2     ESTADO EQU R0
  REG                  3     EVENTO EQU R1
  REG                  4     HOLA EQU R2
                       5     
                       6     ;Puerto P0
  0080                 7     SEM_VERDE EQU P0.0
  0081                 8     SEM_ROJO EQU P0.1
  0082                 9     S_PLAT EQU P0.2
  0083                10     FICHA_TIPO EQU P0.3
  0084                11     S_FICHA EQU P0.4
  0085                12     P_START EQU P0.5
  0086                13     AL_START EQU P0.6
  0087                14     BPOS_START EQU P0.7
                      15     
                      16     ;Puerto P1
  0090                17     BMOV_FRONT EQU P1.0
  0091                18     BMOV_BACK EQU P1.1
  0092                19     FC_RH_TOP EQU P1.2
  0093                20     RH_UPTO EQU P1.3
  0094                21     RH_DOWNTO  EQU P1.4
  0095                22     FC_RV_BORDE EQU P1.5
  0096                23     RV_OUTTO EQU P1.6
  0097                24     RH_INTO EQU P1.7
                      25     
                      26     ;Puerto P2
  00A0                27     EV_AGUA EQU P2.0
  00A1                28     EV_JABON EQU P2.1
  00A3                29     S_CAR EQU P2.3
  00A4                30     FC_RV_CENTRO EQU P2.4
  00A5                31     LED_LNOR EQU P2.5
  00A6                32     LED_LNIT EQU P2.6
                      33     
                      34     ;Variables
  0000                35     tick_50ms EQU 0x20.0
  0001                36     tick_5s EQU 0x20.1
                      37     
  0030                38     cont_50ms EQU 0x30
                      39     
                      40     ;----Timer----
                      41     ;TCON EQU 88H
                      42     ;TMOD EQU 89H
                      43     
                      44     
0000                  45     ORG     0x00
0000 0180             46             AJMP INICIO
                      47     
                      48     
                      49     ;#########################################################################
                      50     ;                       INTERRUPCIONES
                      51     ;#########################################################################
000B                  52     ORG 0x0B                        ;TIMER0
000B 91CE             53             ACALL SUB_TIMER         ; 5s
000D 32               54             RETI
                      55     
                      56     
                      57     ;#########################################################################
                      58     ;                       PROGRAMA PRINCIPAL
A51 MACRO ASSEMBLER  LAVADERO                                                             11/22/2024 17:53:19 PAGE     2

                      59     ;#########################################################################
0080                  60     ORG 0x80
                      61     
0080                  62     INICIO:
0080 1188             63             ACALL INICIALIZAR
0082                  64     BUCLE:
0082 11B9             65             ACALL GEN_EVE
0084 11CA             66             ACALL MAQ_ESTADOS
0086 0182             67             AJMP BUCLE
                      68     ;#########################################################################
                      69     ;                       INICIALIZACIONES
                      70     ;#########################################################################
                      71     
0088                  72     INICIALIZAR:
                      73             
0088 7800             74             MOV ESTADO, #0x00
008A 7900             75             MOV EVENTO, #0x00
008C D280             76             SETB SEM_VERDE
008E C281             77             CLR SEM_ROJO
0090 C282             78             CLR S_PLAT
0092 C283             79             CLR FICHA_TIPO  
0094 C284             80             CLR S_FICHA     
0096 C285             81             CLR P_START     
0098 C286             82             CLR AL_START    
009A C287             83             CLR BPOS_START  
009C C290             84             CLR BMOV_FRONT  
009E C291             85             CLR BMOV_BACK   
00A0 C292             86             CLR FC_RH_TOP   
00A2 C293             87             CLR RH_UPTO     
00A4 C294             88             CLR RH_DOWNTO   
00A6 C295             89             CLR FC_RV_BORDE
00A8 C296             90             CLR RV_OUTTO    
00AA C297             91             CLR RH_INTO
00AC C2A0             92             CLR EV_AGUA
00AE C2A1             93             CLR EV_JABON
00B0 C2A3             94             CLR S_CAR
00B2 C2A4             95             CLR FC_RV_CENTRO
00B4 C2A5             96             CLR LED_LNOR
00B6 C2A6             97             CLR LED_LNIT
00B8 22               98             RET
                      99     
                     100     ;#########################################################################
                     101     ;                       GENERADOR DE EVENTOS
                     102     ;#########################################################################
                     103     
00B9                 104     GEN_EVE:
00B9 200004          105             JB tick_50ms, EV_1
00BC 200106          106             JB tick_5s, EV_2
00BF 22              107             RET
                     108     
00C0                 109     EV_1:
00C0 C200            110             CLR tick_50ms
00C2 7901            111             MOV EVENTO, #0x01
00C4 22              112             RET
00C5                 113     EV_2:
00C5 C201            114             CLR tick_5s
00C7 7902            115             MOV EVENTO, #0X02
00C9 22              116             RET
                     117     
                     118     ;#########################################################################
                     119     ;                       MÁQUINA DE ESTADOS
                     120     ;#########################################################################
                     121     
00CA                 122     MAQ_ESTADOS:
00CA E8              123             MOV A, ESTADO
00CB 23              124             RL A
A51 MACRO ASSEMBLER  LAVADERO                                                             11/22/2024 17:53:19 PAGE     3

00CC 9000D0          125             MOV DPTR, #LISTA_EST
00CF 73              126             JMP @A+DPTR
                     127     
00D0                 128     LISTA_EST:
00D0 01E8            129             AJMP ESPERA_COCHE;   Estado0
00D2 2153            130             AJMP COCHE_PUESTO;   Estado1
00D4 21A4            131             AJMP ALARMA;         Estado2
00D6 21F5            132             AJMP PONER_PUENTE;   Estado3
00D8 4146            133             AJMP ENJABONADO;     Estado4
00DA 4197            134             AJMP LIMPIAR_ATRAS;  Estado5
00DC 41E8            135             AJMP PONER_RODILLOS; Estado6
00DE 6139            136             AJMP RODILLOS;       Estado7
00E0 618A            137             AJMP LIMPIAR_DELANTE;Estado8
00E2 61DB            138             AJMP ACLARADO;       Estado9
00E4 812C            139             AJMP SECADO;         Estado10
00E6 817D            140             AJMP RETIRAR_COCHE;  Estado11
                     141             
                     142     
                     143     ;#########################################################################
                     144     ;                       ESTADO 0
                     145     ;#########################################################################
                     146     
00E8                 147     ESPERA_COCHE:
00E8 11EB            148             ACALL MAQ_EVENTOS_0
00EA 22              149             RET
                     150     
00EB                 151     MAQ_EVENTOS_0:
00EB E9              152             MOV A, EVENTO
00EC 23              153             RL A
00ED 9000F1          154             MOV DPTR, #LISTA_EV_0
00F0 73              155             JMP @A+DPTR
                     156     
00F1                 157     LISTA_EV_0:
00F1 2121            158             AJMP EVENTOS0_0
00F3 2125            159             AJMP EVENTOS0_1
00F5 212C            160             AJMP EVENTOS0_2
00F7 212F            161             AJMP EVENTOS0_3
00F9 2130            162             AJMP EVENTOS0_4
00FB 2131            163             AJMP EVENTOS0_5
00FD 2132            164             AJMP EVENTOS0_6
00FF 2133            165             AJMP EVENTOS0_7
0101 2134            166             AJMP EVENTOS0_8
0103 2135            167             AJMP EVENTOS0_9
0105 2136            168             AJMP EVENTOS0_10
0107 2137            169             AJMP EVENTOS0_11
0109 2138            170             AJMP EVENTOS0_12
010B 2139            171             AJMP EVENTOS0_13
010D 213A            172             AJMP EVENTOS0_14
010F 213B            173             AJMP EVENTOS0_15
0111 213C            174             AJMP EVENTOS0_16
0113 213D            175             AJMP EVENTOS0_17
0115 213E            176             AJMP EVENTOS0_18
0117 213F            177             AJMP EVENTOS0_19
0119 2140            178             AJMP EVENTOS0_20
011B 2141            179             AJMP EVENTOS0_21
011D 2142            180             AJMP EVENTOS0_22
011F 2143            181             AJMP EVENTOS0_23
                     182     
0121                 183     EVENTOS0_0:
0121 208220          184             JB S_PLAT, INICIAR_TIMER
0124 22              185             RET
0125                 186     EVENTOS0_1:
0125 208126          187             JB SEM_ROJO, COCHE_SITUADO
0128 30821E          188             JNB S_PLAT, COCHE_SALIDO
012B 22              189             RET
                     190             ;acciones
A51 MACRO ASSEMBLER  LAVADERO                                                             11/22/2024 17:53:19 PAGE     4

                     191     
012C                 192     EVENTOS0_2:
                     193     ;acciones
012C 7801            194             MOV ESTADO, #0x01
012E 22              195             RET
                     196     
012F                 197     EVENTOS0_3:
                     198     ;acciones
012F 22              199             RET
                     200     
0130                 201     EVENTOS0_4:
                     202     ;acciones
0130 22              203             RET
                     204     
0131                 205     EVENTOS0_5:
0131 22              206             RET
                     207     
0132                 208     EVENTOS0_6:
0132 22              209             RET
                     210     
0133                 211     EVENTOS0_7:
0133 22              212             RET
                     213     
0134                 214     EVENTOS0_8:
                     215     
0134 22              216             RET
0135                 217     EVENTOS0_9:
0135 22              218             RET
                     219     
0136                 220     EVENTOS0_10:
0136 22              221             RET
                     222     
0137                 223     EVENTOS0_11:
0137 22              224             RET
                     225     
0138                 226     EVENTOS0_12:
0138 22              227             RET
                     228     
0139                 229     EVENTOS0_13:
0139 22              230             RET
                     231     
013A                 232     EVENTOS0_14:
013A 22              233             RET
                     234     
013B                 235     EVENTOS0_15:
013B 22              236             RET
                     237     
013C                 238     EVENTOS0_16:
013C 22              239             RET
                     240     
013D                 241     EVENTOS0_17:
013D 22              242             RET
                     243     
013E                 244     EVENTOS0_18:
013E 22              245             RET
                     246     
013F                 247     EVENTOS0_19:
013F 22              248             RET
                     249     
0140                 250     EVENTOS0_20:
0140 22              251             RET
                     252     
0141                 253     EVENTOS0_21:
0141 22              254             RET
                     255     
0142                 256     EVENTOS0_22:
A51 MACRO ASSEMBLER  LAVADERO                                                             11/22/2024 17:53:19 PAGE     5

0142 22              257             RET
                     258     
0143                 259     EVENTOS0_23:
0143 22              260             RET
                     261     
0144                 262     INICIAR_TIMER:
0144 91F1            263             ACALL PROGRAMAR_TIMER
0146 7901            264             MOV EVENTO, #0x01
0148 22              265             RET
                     266     
0149                 267     COCHE_SALIDO:
0149 7900            268             MOV EVENTO, #0x00
014B C282            269             CLR S_PLAT
014D 22              270             RET
                     271     
014E                 272     COCHE_SITUADO:
014E 7902            273             MOV EVENTO, #0x02
0150 C280            274             CLR SEM_VERDE
0152 22              275             RET
                     276     
                     277     ;#########################################################################
                     278     ;                       ESTADO 1
                     279     ;#########################################################################
0153                 280     COCHE_PUESTO:
0153 3156            281             ACALL MAQ_EVENTOS_1
0155 22              282             RET
                     283     
0156                 284     MAQ_EVENTOS_1:
0156 E9              285             MOV A, EVENTO
0157 23              286             RL A
0158 90015C          287             MOV DPTR, #LISTA_EV_1
015B 73              288             JMP @A+DPTR
015C                 289     LISTA_EV_1:
015C 218C            290             AJMP EVENTOS1_0
015E 218D            291             AJMP EVENTOS1_1
0160 218E            292             AJMP EVENTOS1_2
0162 218F            293             AJMP EVENTOS1_3
0164 2190            294             AJMP EVENTOS1_4
0166 2191            295             AJMP EVENTOS1_5
0168 2192            296             AJMP EVENTOS1_6
016A 2193            297             AJMP EVENTOS1_7
016C 2194            298             AJMP EVENTOS1_8
016E 2195            299             AJMP EVENTOS1_9
0170 2196            300             AJMP EVENTOS1_10
0172 2197            301             AJMP EVENTOS1_11
0174 2198            302             AJMP EVENTOS1_12
0176 2199            303             AJMP EVENTOS1_13
0178 219A            304             AJMP EVENTOS1_14
017A 219B            305             AJMP EVENTOS1_15
017C 219C            306             AJMP EVENTOS1_16
017E 219D            307             AJMP EVENTOS1_17
0180 219E            308             AJMP EVENTOS1_18
0182 219F            309             AJMP EVENTOS1_19
0184 21A0            310             AJMP EVENTOS1_20
0186 21A1            311             AJMP EVENTOS1_21
0188 21A2            312             AJMP EVENTOS1_22
018A 21A3            313             AJMP EVENTOS1_23
                     314     
018C                 315     EVENTOS1_0:
018C 22              316             RET
                     317     
018D                 318     EVENTOS1_1:
018D 22              319             RET
                     320     
018E                 321     EVENTOS1_2:
018E 22              322             RET
A51 MACRO ASSEMBLER  LAVADERO                                                             11/22/2024 17:53:19 PAGE     6

                     323     
018F                 324     EVENTOS1_3:
018F 22              325             RET
                     326     
0190                 327     EVENTOS1_4:
                     328     ;acciones
0190 22              329             RET
                     330     
0191                 331     EVENTOS1_5:
0191 22              332             RET
                     333     
0192                 334     EVENTOS1_6:
                     335     ;acciones
0192 22              336             RET
                     337     
0193                 338     EVENTOS1_7:
0193 22              339             RET
                     340     
0194                 341     EVENTOS1_8:
                     342     
0194 22              343             RET
0195                 344     EVENTOS1_9:
0195 22              345             RET
                     346     
0196                 347     EVENTOS1_10:
0196 22              348             RET
                     349     
0197                 350     EVENTOS1_11:
0197 22              351             RET
                     352     
0198                 353     EVENTOS1_12:
0198 22              354             RET
                     355     
0199                 356     EVENTOS1_13:
0199 22              357             RET
                     358     
019A                 359     EVENTOS1_14:
019A 22              360             RET
                     361     
019B                 362     EVENTOS1_15:
019B 22              363             RET
                     364     
019C                 365     EVENTOS1_16:
019C 22              366             RET
                     367     
019D                 368     EVENTOS1_17:
019D 22              369             RET
                     370     
019E                 371     EVENTOS1_18:
019E 22              372             RET
                     373     
019F                 374     EVENTOS1_19:
019F 22              375             RET
                     376     
01A0                 377     EVENTOS1_20:
01A0 22              378             RET
                     379     
01A1                 380     EVENTOS1_21:
01A1 22              381             RET
                     382     
01A2                 383     EVENTOS1_22:
01A2 22              384             RET
                     385     
01A3                 386     EVENTOS1_23:
01A3 22              387             RET
                     388     
A51 MACRO ASSEMBLER  LAVADERO                                                             11/22/2024 17:53:19 PAGE     7

                     389     
                     390     ;#########################################################################
                     391     ;                       ESTADO 2
                     392     ;#########################################################################
                     393     
01A4                 394     ALARMA:
01A4 31A7            395             ACALL MAQ_EVENTOS_2
01A6 22              396             RET
                     397     
01A7                 398     MAQ_EVENTOS_2:
01A7 E9              399             MOV A, EVENTO
01A8 23              400             RL A
01A9 9001AD          401             MOV DPTR, #LISTA_EV_2
01AC 73              402             JMP @A+DPTR
                     403     
01AD                 404     LISTA_EV_2:
01AD 21DD            405             AJMP EVENTOS2_0
01AF 21DE            406             AJMP EVENTOS2_1
01B1 21DF            407             AJMP EVENTOS2_2
01B3 21E0            408             AJMP EVENTOS2_3
01B5 21E1            409             AJMP EVENTOS2_4
01B7 21E2            410             AJMP EVENTOS2_5
01B9 21E3            411             AJMP EVENTOS2_6
01BB 21E4            412             AJMP EVENTOS2_7
01BD 21E5            413             AJMP EVENTOS2_8
01BF 21E6            414             AJMP EVENTOS2_9
01C1 21E7            415             AJMP EVENTOS2_10
01C3 21E8            416             AJMP EVENTOS2_11
01C5 21E9            417             AJMP EVENTOS2_12
01C7 21EA            418             AJMP EVENTOS2_13
01C9 21EB            419             AJMP EVENTOS2_14
01CB 21EC            420             AJMP EVENTOS2_15
01CD 21ED            421             AJMP EVENTOS2_16
01CF 21EE            422             AJMP EVENTOS2_17
01D1 21EF            423             AJMP EVENTOS2_18
01D3 21F0            424             AJMP EVENTOS2_19
01D5 21F1            425             AJMP EVENTOS2_20
01D7 21F2            426             AJMP EVENTOS2_21
01D9 21F3            427             AJMP EVENTOS2_22
01DB 21F4            428             AJMP EVENTOS2_23
01DD                 429     EVENTOS2_0:
01DD 22              430             RET
                     431     
01DE                 432     EVENTOS2_1:
01DE 22              433             RET
                     434     
01DF                 435     EVENTOS2_2:
01DF 22              436             RET
                     437     
01E0                 438     EVENTOS2_3:
01E0 22              439             RET
                     440     
01E1                 441     EVENTOS2_4:
01E1 22              442             RET
                     443     
01E2                 444     EVENTOS2_5:
                     445     ;acciones
01E2 22              446             RET
                     447     
01E3                 448     EVENTOS2_6:
                     449     ;acciones
01E3 22              450             RET
                     451     
01E4                 452     EVENTOS2_7:
                     453     ;acciones
01E4 22              454             RET
A51 MACRO ASSEMBLER  LAVADERO                                                             11/22/2024 17:53:19 PAGE     8

                     455     
01E5                 456     EVENTOS2_8:
01E5 22              457             RET
                     458     
01E6                 459     EVENTOS2_9:
01E6 22              460             RET
                     461     
01E7                 462     EVENTOS2_10:
01E7 22              463             RET
                     464     
01E8                 465     EVENTOS2_11:
01E8 22              466             RET
                     467     
01E9                 468     EVENTOS2_12:
01E9 22              469             RET
                     470     
01EA                 471     EVENTOS2_13:
01EA 22              472             RET
                     473     
01EB                 474     EVENTOS2_14:
01EB 22              475             RET
                     476     
01EC                 477     EVENTOS2_15:
01EC 22              478             RET
                     479     
01ED                 480     EVENTOS2_16:
01ED 22              481             RET
                     482     
01EE                 483     EVENTOS2_17:
01EE 22              484             RET
                     485     
01EF                 486     EVENTOS2_18:
01EF 22              487             RET
                     488     
01F0                 489     EVENTOS2_19:
01F0 22              490             RET
                     491     
01F1                 492     EVENTOS2_20:
01F1 22              493             RET
                     494     
01F2                 495     EVENTOS2_21:
01F2 22              496             RET
                     497     
01F3                 498     EVENTOS2_22:
01F3 22              499             RET
                     500     
01F4                 501     EVENTOS2_23:
01F4 22              502             RET
                     503     
                     504     ;#########################################################################
                     505     ;                       ESTADO 3
                     506     ;#########################################################################
                     507     
01F5                 508     PONER_PUENTE:
01F5 31F8            509             ACALL MAQ_EVENTOS_3
01F7 22              510             RET
                     511     
01F8                 512     MAQ_EVENTOS_3:
01F8 E9              513             MOV A, EVENTO
01F9 23              514             RL A
01FA 9001FE          515             MOV DPTR, #LISTA_EV_3
01FD 73              516             JMP @A+DPTR
                     517     
01FE                 518     LISTA_EV_3:
01FE 412E            519             AJMP EVENTOS3_0
0200 412F            520             AJMP EVENTOS3_1
A51 MACRO ASSEMBLER  LAVADERO                                                             11/22/2024 17:53:19 PAGE     9

0202 4130            521             AJMP EVENTOS3_2
0204 4131            522             AJMP EVENTOS3_3
0206 4132            523             AJMP EVENTOS3_4
0208 4133            524             AJMP EVENTOS3_5
020A 4134            525             AJMP EVENTOS3_6
020C 4135            526             AJMP EVENTOS3_7
020E 4136            527             AJMP EVENTOS3_8
0210 4137            528             AJMP EVENTOS3_9
0212 4138            529             AJMP EVENTOS3_10
0214 4139            530             AJMP EVENTOS3_11
0216 413A            531             AJMP EVENTOS3_12
0218 413B            532             AJMP EVENTOS3_13
021A 413C            533             AJMP EVENTOS3_14
021C 413D            534             AJMP EVENTOS3_15
021E 413E            535             AJMP EVENTOS3_16
0220 413F            536             AJMP EVENTOS3_17
0222 4140            537             AJMP EVENTOS3_18
0224 4141            538             AJMP EVENTOS3_19
0226 4142            539             AJMP EVENTOS3_20
0228 4143            540             AJMP EVENTOS3_21
022A 4144            541             AJMP EVENTOS3_22
022C 4145            542             AJMP EVENTOS3_23
                     543     
022E                 544     EVENTOS3_0:
022E 22              545             RET
                     546     
022F                 547     EVENTOS3_1:
022F 22              548             RET
                     549     
0230                 550     EVENTOS3_2:
0230 22              551             RET
                     552     
0231                 553     EVENTOS3_3:
0231 22              554             RET
                     555     
0232                 556     EVENTOS3_4:
0232 22              557             RET
                     558     
0233                 559     EVENTOS3_5:
0233 22              560             RET
                     561     
0234                 562     EVENTOS3_6:
0234 22              563             RET
                     564     
0235                 565     EVENTOS3_7:
0235 22              566             RET
                     567     
0236                 568     EVENTOS3_8:
                     569     ;acciones
0236 22              570             RET
                     571     
0237                 572     EVENTOS3_9:
0237 22              573             RET
                     574     
0238                 575     EVENTOS3_10:
0238 22              576             RET
                     577     
0239                 578     EVENTOS3_11:
0239 22              579             RET
                     580     
023A                 581     EVENTOS3_12:
023A 22              582             RET
                     583     
023B                 584     EVENTOS3_13:
023B 22              585             RET
                     586     
A51 MACRO ASSEMBLER  LAVADERO                                                             11/22/2024 17:53:19 PAGE    10

023C                 587     EVENTOS3_14:
023C 22              588             RET
                     589     
023D                 590     EVENTOS3_15:
023D 22              591             RET
                     592     
023E                 593     EVENTOS3_16:
023E 22              594             RET
                     595     
023F                 596     EVENTOS3_17:
023F 22              597             RET
                     598     
0240                 599     EVENTOS3_18:
0240 22              600             RET
                     601     
0241                 602     EVENTOS3_19:
0241 22              603             RET
                     604     
0242                 605     EVENTOS3_20:
0242 22              606             RET
                     607     
0243                 608     EVENTOS3_21:
0243 22              609             RET
                     610     
0244                 611     EVENTOS3_22:
0244 22              612             RET
                     613     
0245                 614     EVENTOS3_23:
0245 22              615             RET
                     616     
                     617     
                     618     
                     619     
                     620     ;#########################################################################
                     621     ;                       ESTADO 4
                     622     ;#########################################################################
                     623     
0246                 624     ENJABONADO:
0246 5149            625             ACALL MAQ_EVENTOS_4
0248 22              626             RET
                     627     
0249                 628     MAQ_EVENTOS_4:
0249 E9              629             MOV A, EVENTO
024A 23              630             RL A
024B 90024F          631             MOV DPTR, #LISTA_EV_4
024E 73              632             JMP @A+DPTR
                     633     
024F                 634     LISTA_EV_4:
024F 417F            635             AJMP EVENTOS4_0
0251 4180            636             AJMP EVENTOS4_1
0253 4181            637             AJMP EVENTOS4_2
0255 4182            638             AJMP EVENTOS4_3
0257 4183            639             AJMP EVENTOS4_4
0259 4184            640             AJMP EVENTOS4_5
025B 4185            641             AJMP EVENTOS4_6
025D 4186            642             AJMP EVENTOS4_7
025F 4187            643             AJMP EVENTOS4_8
0261 4188            644             AJMP EVENTOS4_9
0263 4189            645             AJMP EVENTOS4_10
0265 418A            646             AJMP EVENTOS4_11
0267 418B            647             AJMP EVENTOS4_12
0269 418C            648             AJMP EVENTOS4_13
026B 418D            649             AJMP EVENTOS4_14
026D 418E            650             AJMP EVENTOS4_15
026F 418F            651             AJMP EVENTOS4_16
0271 4190            652             AJMP EVENTOS4_17
A51 MACRO ASSEMBLER  LAVADERO                                                             11/22/2024 17:53:19 PAGE    11

0273 4191            653             AJMP EVENTOS4_18
0275 4192            654             AJMP EVENTOS4_19
0277 4193            655             AJMP EVENTOS4_20
0279 4194            656             AJMP EVENTOS4_21
027B 4195            657             AJMP EVENTOS4_22
027D 4196            658             AJMP EVENTOS4_23
                     659     
027F                 660     EVENTOS4_0:
027F 22              661             RET
                     662     
0280                 663     EVENTOS4_1:
0280 22              664             RET
                     665     
0281                 666     EVENTOS4_2:
0281 22              667             RET
                     668     
0282                 669     EVENTOS4_3:
0282 22              670             RET
                     671     
0283                 672     EVENTOS4_4:
0283 22              673             RET
                     674     
0284                 675     EVENTOS4_5:
0284 22              676             RET
                     677     
0285                 678     EVENTOS4_6:
0285 22              679             RET
                     680     
0286                 681     EVENTOS4_7:
0286 22              682             RET
                     683     
0287                 684     EVENTOS4_8:
0287 22              685             RET
                     686     
0288                 687     EVENTOS4_9:
                     688     ;acciones
0288 22              689             RET
                     690     
0289                 691     EVENTOS4_10:
                     692     ;acciones
0289 22              693             RET
                     694     
028A                 695     EVENTOS4_11:
028A 22              696             RET
                     697     
028B                 698     EVENTOS4_12:
028B 22              699             RET
                     700     
028C                 701     EVENTOS4_13:
028C 22              702             RET
                     703     
028D                 704     EVENTOS4_14:
028D 22              705             RET
                     706     
028E                 707     EVENTOS4_15:
028E 22              708             RET
                     709     
028F                 710     EVENTOS4_16:
028F 22              711             RET
                     712     
0290                 713     EVENTOS4_17:
0290 22              714             RET
                     715     
0291                 716     EVENTOS4_18:
0291 22              717             RET
                     718     
A51 MACRO ASSEMBLER  LAVADERO                                                             11/22/2024 17:53:19 PAGE    12

0292                 719     EVENTOS4_19:
0292 22              720             RET
                     721     
0293                 722     EVENTOS4_20:
0293 22              723             RET
                     724     
0294                 725     EVENTOS4_21:
0294 22              726             RET
                     727     
0295                 728     EVENTOS4_22:
0295 22              729             RET
                     730     
0296                 731     EVENTOS4_23:
0296 22              732             RET
                     733     
                     734     
                     735     ;#########################################################################
                     736     ;                       ESTADO 5
                     737     ;#########################################################################
                     738     
0297                 739     LIMPIAR_ATRAS:
0297 519A            740             ACALL MAQ_EVENTOS_5
0299 22              741             RET
                     742     
029A                 743     MAQ_EVENTOS_5:
029A E9              744             MOV A, EVENTO
029B 23              745             RL A
029C 9002A0          746             MOV DPTR, #LISTA_EV_5
029F 73              747             JMP @A+DPTR
02A0                 748     LISTA_EV_5:
02A0 41D0            749             AJMP EVENTOS5_0
02A2 41D1            750             AJMP EVENTOS5_1
02A4 41D2            751             AJMP EVENTOS5_2
02A6 41D3            752             AJMP EVENTOS5_3
02A8 41D4            753             AJMP EVENTOS5_4
02AA 41D5            754             AJMP EVENTOS5_5
02AC 41D6            755             AJMP EVENTOS5_6
02AE 41D7            756             AJMP EVENTOS5_7
02B0 41D8            757             AJMP EVENTOS5_8
02B2 41D9            758             AJMP EVENTOS5_9
02B4 41DA            759             AJMP EVENTOS5_10
02B6 41DB            760             AJMP EVENTOS5_11
02B8 41DC            761             AJMP EVENTOS5_12
02BA 41DD            762             AJMP EVENTOS5_13
02BC 41DE            763             AJMP EVENTOS5_14
02BE 41DF            764             AJMP EVENTOS5_15
02C0 41E0            765             AJMP EVENTOS5_16
02C2 41E1            766             AJMP EVENTOS5_17
02C4 41E2            767             AJMP EVENTOS5_18
02C6 41E3            768             AJMP EVENTOS5_19
02C8 41E4            769             AJMP EVENTOS5_20
02CA 41E5            770             AJMP EVENTOS5_21
02CC 41E6            771             AJMP EVENTOS5_22
02CE 41E7            772             AJMP EVENTOS5_23
                     773     
02D0                 774     EVENTOS5_0:
02D0 22              775             RET
                     776     
02D1                 777     EVENTOS5_1:
02D1 22              778             RET
                     779     
02D2                 780     EVENTOS5_2:
02D2 22              781             RET
                     782     
02D3                 783     EVENTOS5_3:
02D3 22              784             RET
A51 MACRO ASSEMBLER  LAVADERO                                                             11/22/2024 17:53:19 PAGE    13

                     785     
02D4                 786     EVENTOS5_4:
02D4 22              787             RET
                     788     
02D5                 789     EVENTOS5_5:
02D5 22              790             RET
                     791     
02D6                 792     EVENTOS5_6:
02D6 22              793             RET
                     794     
02D7                 795     EVENTOS5_7:
02D7 22              796             RET
                     797     
02D8                 798     EVENTOS5_8:
02D8 22              799             RET
                     800     
02D9                 801     EVENTOS5_9:
02D9 22              802             RET
                     803     
02DA                 804     EVENTOS5_10:
02DA 22              805             RET
                     806     
02DB                 807     EVENTOS5_11:
02DB 22              808             RET
                     809     
02DC                 810     EVENTOS5_12:
02DC 22              811             RET
                     812     
02DD                 813     EVENTOS5_13:
02DD 22              814             RET
                     815     
02DE                 816     EVENTOS5_14:
02DE 22              817             RET
                     818     
02DF                 819     EVENTOS5_15:
02DF 22              820             RET
                     821     
02E0                 822     EVENTOS5_16:
                     823     ;acciones
02E0 22              824             RET
                     825     
02E1                 826     EVENTOS5_17:
02E1 22              827             RET
                     828     
02E2                 829     EVENTOS5_18:
02E2 22              830             RET
                     831     
02E3                 832     EVENTOS5_19:
02E3 22              833             RET
                     834     
02E4                 835     EVENTOS5_20:
02E4 22              836             RET
                     837     
02E5                 838     EVENTOS5_21:
02E5 22              839             RET
                     840     
02E6                 841     EVENTOS5_22:
02E6 22              842             RET
                     843     
02E7                 844     EVENTOS5_23:
02E7 22              845             RET
                     846     
                     847     
                     848     ;#########################################################################
                     849     ;                       ESTADO 6
                     850     ;#########################################################################
A51 MACRO ASSEMBLER  LAVADERO                                                             11/22/2024 17:53:19 PAGE    14

                     851     
02E8                 852     PONER_RODILLOS:
02E8 51EB            853             ACALL MAQ_EVENTOS_6
02EA 22              854             RET
                     855     
02EB                 856     MAQ_EVENTOS_6:
02EB E9              857             MOV A, EVENTO
02EC 23              858             RL A
02ED 9002F1          859             MOV DPTR, #LISTA_EV_6
02F0 73              860             JMP @A+DPTR
                     861     
02F1                 862     LISTA_EV_6:
02F1 6121            863             AJMP EVENTOS6_0
02F3 6122            864             AJMP EVENTOS6_1
02F5 6123            865             AJMP EVENTOS6_2
02F7 6124            866             AJMP EVENTOS6_3
02F9 6125            867             AJMP EVENTOS6_4
02FB 6126            868             AJMP EVENTOS6_5
02FD 6127            869             AJMP EVENTOS6_6
02FF 6128            870             AJMP EVENTOS6_7
0301 6129            871             AJMP EVENTOS6_8
0303 612A            872             AJMP EVENTOS6_9
0305 612B            873             AJMP EVENTOS6_10
0307 612C            874             AJMP EVENTOS6_11
0309 612D            875             AJMP EVENTOS6_12
030B 612E            876             AJMP EVENTOS6_13
030D 612F            877             AJMP EVENTOS6_14
030F 6130            878             AJMP EVENTOS6_15
0311 6131            879             AJMP EVENTOS6_16
0313 6132            880             AJMP EVENTOS6_17
0315 6133            881             AJMP EVENTOS6_18
0317 6134            882             AJMP EVENTOS6_19
0319 6135            883             AJMP EVENTOS6_20
031B 6136            884             AJMP EVENTOS6_21
031D 6137            885             AJMP EVENTOS6_22
031F 6138            886             AJMP EVENTOS6_23
                     887     
0321                 888     EVENTOS6_0:
0321 22              889             RET
                     890     
0322                 891     EVENTOS6_1:
0322 22              892             RET
                     893     
0323                 894     EVENTOS6_2:
0323 22              895             RET
                     896     
0324                 897     EVENTOS6_3:
0324 22              898             RET
                     899     
0325                 900     EVENTOS6_4:
0325 22              901             RET
                     902     
0326                 903     EVENTOS6_5:
0326 22              904             RET
                     905     
0327                 906     EVENTOS6_6:
0327 22              907             RET
                     908     
0328                 909     EVENTOS6_7:
0328 22              910             RET
                     911     
0329                 912     EVENTOS6_8:
0329 22              913             RET
                     914     
032A                 915     EVENTOS6_9:
032A 22              916             RET
A51 MACRO ASSEMBLER  LAVADERO                                                             11/22/2024 17:53:19 PAGE    15

                     917     
032B                 918     EVENTOS6_10:
032B 22              919             RET
                     920     
032C                 921     EVENTOS6_11:
                     922     ;acciones
032C 22              923             RET
                     924     
032D                 925     EVENTOS6_12:
032D 22              926             RET
                     927     
032E                 928     EVENTOS6_13:
032E 22              929             RET
                     930     
032F                 931     EVENTOS6_14:
032F 22              932             RET
                     933     
0330                 934     EVENTOS6_15:
0330 22              935             RET
                     936     
0331                 937     EVENTOS6_16:
0331 22              938             RET
                     939     
0332                 940     EVENTOS6_17:
                     941     ;acciones
0332 22              942             RET
                     943     
0333                 944     EVENTOS6_18:
0333 22              945             RET
                     946     
0334                 947     EVENTOS6_19:
0334 22              948             RET
                     949     
0335                 950     EVENTOS6_20:
0335 22              951             RET
                     952     
0336                 953     EVENTOS6_21:
0336 22              954             RET
                     955     
0337                 956     EVENTOS6_22:
0337 22              957             RET
                     958     
0338                 959     EVENTOS6_23:
0338 22              960             RET
                     961     
                     962     
                     963     ;#########################################################################
                     964     ;                       ESTADO 7
                     965     ;#########################################################################
                     966     
0339                 967     RODILLOS:
0339 713C            968             ACALL MAQ_EVENTOS_7
033B 22              969             RET
                     970     
033C                 971     MAQ_EVENTOS_7:
033C E9              972             MOV A, EVENTO
033D 23              973             RL A
033E 900342          974             MOV DPTR, #LISTA_EV_7
0341 73              975             JMP @A+DPTR
                     976     
0342                 977     LISTA_EV_7:
0342 6172            978             AJMP EVENTOS7_0
0344 6173            979             AJMP EVENTOS7_1
0346 6174            980             AJMP EVENTOS7_2
0348 6175            981             AJMP EVENTOS7_3
034A 6176            982             AJMP EVENTOS7_4
A51 MACRO ASSEMBLER  LAVADERO                                                             11/22/2024 17:53:19 PAGE    16

034C 6177            983             AJMP EVENTOS7_5
034E 6178            984             AJMP EVENTOS7_6
0350 6179            985             AJMP EVENTOS7_7
0352 617A            986             AJMP EVENTOS7_8
0354 617B            987             AJMP EVENTOS7_9
0356 617C            988             AJMP EVENTOS7_10
0358 617D            989             AJMP EVENTOS7_11
035A 617E            990             AJMP EVENTOS7_12
035C 617F            991             AJMP EVENTOS7_13
035E 6180            992             AJMP EVENTOS7_14
0360 6181            993             AJMP EVENTOS7_15
0362 6182            994             AJMP EVENTOS7_16
0364 6183            995             AJMP EVENTOS7_17
0366 6184            996             AJMP EVENTOS7_18
0368 6185            997             AJMP EVENTOS7_19
036A 6186            998             AJMP EVENTOS7_20
036C 6187            999             AJMP EVENTOS7_21
036E 6188           1000             AJMP EVENTOS7_22
0370 6189           1001             AJMP EVENTOS7_23
                    1002     
0372                1003     EVENTOS7_0:
0372 22             1004             RET
                    1005     
0373                1006     EVENTOS7_1:
0373 22             1007             RET
                    1008     
0374                1009     EVENTOS7_2:
0374 22             1010             RET
                    1011     
0375                1012     EVENTOS7_3:
0375 22             1013             RET
                    1014     
0376                1015     EVENTOS7_4:
0376 22             1016             RET
                    1017     
0377                1018     EVENTOS7_5:
0377 22             1019             RET
                    1020     
0378                1021     EVENTOS7_6:
0378 22             1022             RET
                    1023     
0379                1024     EVENTOS7_7:
0379 22             1025             RET
                    1026     
037A                1027     EVENTOS7_8:
037A 22             1028             RET
                    1029     
037B                1030     EVENTOS7_9:
037B 22             1031             RET
                    1032     
037C                1033     EVENTOS7_10:
037C 22             1034             RET
                    1035     
037D                1036     EVENTOS7_11:
037D 22             1037             RET
                    1038     
037E                1039     EVENTOS7_12:
                    1040     ;acciones
037E 22             1041             RET
                    1042     
037F                1043     EVENTOS7_13:
                    1044     ;acciones
037F 22             1045             RET
                    1046     
0380                1047     EVENTOS7_14:
                    1048     ;acciones
A51 MACRO ASSEMBLER  LAVADERO                                                             11/22/2024 17:53:19 PAGE    17

0380 22             1049             RET
                    1050     
0381                1051     EVENTOS7_15:
                    1052     ;acciones
0381 22             1053             RET
                    1054     
0382                1055     EVENTOS7_16:
0382 22             1056             RET
                    1057     
0383                1058     EVENTOS7_17:
0383 22             1059             RET
                    1060     
0384                1061     EVENTOS7_18:
                    1062     ;acciones
0384 22             1063             RET
                    1064     
0385                1065     EVENTOS7_19:
0385 22             1066             RET
                    1067     
0386                1068     EVENTOS7_20:
0386 22             1069             RET
                    1070     
0387                1071     EVENTOS7_21:
0387 22             1072             RET
                    1073     
0388                1074     EVENTOS7_22:
0388 22             1075             RET
                    1076     
0389                1077     EVENTOS7_23:
0389 22             1078             RET
                    1079     
                    1080     
                    1081     ;#########################################################################
                    1082     ;                       ESTADO 8
                    1083     ;#########################################################################
                    1084     
038A                1085     LIMPIAR_DELANTE:
038A 718D           1086             ACALL MAQ_EVENTOS_8
038C 22             1087             RET
                    1088     
038D                1089     MAQ_EVENTOS_8:
                    1090     
038D E9             1091             MOV A, EVENTO
038E 23             1092             RL A
038F 900393         1093             MOV DPTR, #LISTA_EV_8
0392 73             1094             JMP @A+DPTR
                    1095     
0393                1096     LISTA_EV_8:
0393 61C3           1097             AJMP EVENTOS8_0
0395 61C4           1098             AJMP EVENTOS8_1
0397 61C5           1099             AJMP EVENTOS8_2
0399 61C6           1100             AJMP EVENTOS8_3
039B 61C7           1101             AJMP EVENTOS8_4
039D 61C8           1102             AJMP EVENTOS8_5
039F 61C9           1103             AJMP EVENTOS8_6
03A1 61CA           1104             AJMP EVENTOS8_7
03A3 61CB           1105             AJMP EVENTOS8_8
03A5 61CC           1106             AJMP EVENTOS8_9
03A7 61CD           1107             AJMP EVENTOS8_10
03A9 61CE           1108             AJMP EVENTOS8_11
03AB 61CF           1109             AJMP EVENTOS8_12
03AD 61D0           1110             AJMP EVENTOS8_13
03AF 61D1           1111             AJMP EVENTOS8_14
03B1 61D2           1112             AJMP EVENTOS8_15
03B3 61D3           1113             AJMP EVENTOS8_16
03B5 61D4           1114             AJMP EVENTOS8_17
A51 MACRO ASSEMBLER  LAVADERO                                                             11/22/2024 17:53:19 PAGE    18

03B7 61D5           1115             AJMP EVENTOS8_18
03B9 61D6           1116             AJMP EVENTOS8_19
03BB 61D7           1117             AJMP EVENTOS8_20
03BD 61D8           1118             AJMP EVENTOS8_21
03BF 61D9           1119             AJMP EVENTOS8_22
03C1 61DA           1120             AJMP EVENTOS8_23
                    1121     
03C3                1122     EVENTOS8_0:
03C3 22             1123             RET
                    1124     
03C4                1125     EVENTOS8_1:
03C4 22             1126             RET
                    1127     
03C5                1128     EVENTOS8_2:
03C5 22             1129             RET
                    1130     
03C6                1131     EVENTOS8_3:
03C6 22             1132             RET
                    1133     
03C7                1134     EVENTOS8_4:
03C7 22             1135             RET
                    1136     
03C8                1137     EVENTOS8_5:
03C8 22             1138             RET
                    1139     
03C9                1140     EVENTOS8_6:
03C9 22             1141             RET
                    1142     
03CA                1143     EVENTOS8_7:
03CA 22             1144             RET
                    1145     
03CB                1146     EVENTOS8_8:
03CB 22             1147             RET
                    1148     
03CC                1149     EVENTOS8_9:
03CC 22             1150             RET
                    1151     
03CD                1152     EVENTOS8_10:
03CD 22             1153             RET
                    1154     
03CE                1155     EVENTOS8_11:
03CE 22             1156             RET
                    1157     
03CF                1158     EVENTOS8_12:
03CF 22             1159             RET
                    1160     
03D0                1161     EVENTOS8_13:
03D0 22             1162             RET
                    1163     
03D1                1164     EVENTOS8_14:
03D1 22             1165             RET
                    1166     
03D2                1167     EVENTOS8_15:
03D2 22             1168             RET
                    1169     
03D3                1170     EVENTOS8_16:
03D3 22             1171             RET
                    1172     
03D4                1173     EVENTOS8_17:
03D4 22             1174             RET
                    1175     
03D5                1176     EVENTOS8_18:
03D5 22             1177             RET
                    1178     
03D6                1179     EVENTOS8_19:
                    1180     ;acciones
A51 MACRO ASSEMBLER  LAVADERO                                                             11/22/2024 17:53:19 PAGE    19

03D6 22             1181             RET
                    1182     
03D7                1183     EVENTOS8_20:
                    1184     ;acciones
03D7 22             1185             RET
                    1186     
03D8                1187     EVENTOS8_21:
03D8 22             1188             RET
                    1189     
03D9                1190     EVENTOS8_22:
03D9 22             1191             RET
                    1192     
03DA                1193     EVENTOS8_23:
03DA 22             1194             RET
                    1195     
                    1196     
                    1197     ;#########################################################################
                    1198     ;                       ESTADO 9
                    1199     ;#########################################################################
                    1200     
03DB                1201     ACLARADO:
03DB 71DE           1202             ACALL MAQ_EVENTOS_9
03DD 22             1203             RET
                    1204     
03DE                1205     MAQ_EVENTOS_9:
03DE E9             1206             MOV A, EVENTO
03DF 23             1207             RL A
03E0 9003E4         1208             MOV DPTR, #LISTA_EV_9
03E3 73             1209             JMP @A+DPTR
                    1210     
03E4                1211     LISTA_EV_9:
03E4 8114           1212             AJMP EVENTOS9_0
03E6 8115           1213             AJMP EVENTOS9_1
03E8 8116           1214             AJMP EVENTOS9_2
03EA 8117           1215             AJMP EVENTOS9_3
03EC 8118           1216             AJMP EVENTOS9_4
03EE 8119           1217             AJMP EVENTOS9_5
03F0 811A           1218             AJMP EVENTOS9_6
03F2 811B           1219             AJMP EVENTOS9_7
03F4 811C           1220             AJMP EVENTOS9_8
03F6 811D           1221             AJMP EVENTOS9_9
03F8 811E           1222             AJMP EVENTOS9_10
03FA 811F           1223             AJMP EVENTOS9_11
03FC 8120           1224             AJMP EVENTOS9_12
03FE 8121           1225             AJMP EVENTOS9_13
0400 8122           1226             AJMP EVENTOS9_14
0402 8123           1227             AJMP EVENTOS9_15
0404 8124           1228             AJMP EVENTOS9_16
0406 8125           1229             AJMP EVENTOS9_17
0408 8126           1230             AJMP EVENTOS9_18
040A 8127           1231             AJMP EVENTOS9_19
040C 8128           1232             AJMP EVENTOS9_20
040E 8129           1233             AJMP EVENTOS9_21
0410 812A           1234             AJMP EVENTOS9_22
0412 812B           1235             AJMP EVENTOS9_23
                    1236     
0414                1237     EVENTOS9_0:
0414 22             1238             RET
                    1239     
0415                1240     EVENTOS9_1:
0415 22             1241             RET
                    1242     
0416                1243     EVENTOS9_2:
0416 22             1244             RET
                    1245     
0417                1246     EVENTOS9_3:
A51 MACRO ASSEMBLER  LAVADERO                                                             11/22/2024 17:53:19 PAGE    20

0417 22             1247             RET
                    1248     
0418                1249     EVENTOS9_4:
0418 22             1250             RET
                    1251     
0419                1252     EVENTOS9_5:
0419 22             1253             RET
                    1254     
041A                1255     EVENTOS9_6:
041A 22             1256             RET
                    1257     
041B                1258     EVENTOS9_7:
041B 22             1259             RET
                    1260     
041C                1261     EVENTOS9_8:
041C 22             1262             RET
                    1263     
041D                1264     EVENTOS9_9:
041D 22             1265             RET
                    1266     
041E                1267     EVENTOS9_10:
041E 22             1268             RET
                    1269     
041F                1270     EVENTOS9_11:
041F 22             1271             RET
                    1272     
0420                1273     EVENTOS9_12:
0420 22             1274             RET
                    1275     
0421                1276     EVENTOS9_13:
0421 22             1277             RET
                    1278     
0422                1279     EVENTOS9_14:
0422 22             1280             RET
                    1281     
0423                1282     EVENTOS9_15:
0423 22             1283             RET
                    1284     
0424                1285     EVENTOS9_16:
0424 22             1286             RET
                    1287     
0425                1288     EVENTOS9_17:
0425 22             1289             RET
                    1290     
0426                1291     EVENTOS9_18:
0426 22             1292             RET
                    1293     
0427                1294     EVENTOS9_19:
                    1295     ;acciones (igual un nuevo evento)
0427 22             1296             RET
                    1297     
0428                1298     EVENTOS9_20:
0428 22             1299             RET
                    1300     
0429                1301     EVENTOS9_21:
                    1302     ;acciones
0429 22             1303             RET
                    1304     
042A                1305     EVENTOS9_22:
042A 22             1306             RET
                    1307     
042B                1308     EVENTOS9_23:
042B 22             1309             RET
                    1310     
                    1311     ;#########################################################################
                    1312     ;                       ESTADO 10
A51 MACRO ASSEMBLER  LAVADERO                                                             11/22/2024 17:53:19 PAGE    21

                    1313     ;#########################################################################
                    1314     
042C                1315     SECADO:
042C 912F           1316             ACALL MAQ_EVENTOS_10
042E 22             1317             RET
                    1318     
042F                1319     MAQ_EVENTOS_10:
042F E9             1320             MOV A, EVENTO
0430 23             1321             RL A
0431 900435         1322             MOV DPTR, #LISTA_EV_10
0434 73             1323             JMP @A+DPTR
                    1324     
0435                1325     LISTA_EV_10:
0435 8165           1326             AJMP EVENTOS10_0
0437 8166           1327             AJMP EVENTOS10_1
0439 8167           1328             AJMP EVENTOS10_2
043B 8168           1329             AJMP EVENTOS10_3
043D 8169           1330             AJMP EVENTOS10_4
043F 816A           1331             AJMP EVENTOS10_5
0441 816B           1332             AJMP EVENTOS10_6
0443 816C           1333             AJMP EVENTOS10_7
0445 816D           1334             AJMP EVENTOS10_8
0447 816E           1335             AJMP EVENTOS10_9
0449 816F           1336             AJMP EVENTOS10_10
044B 8170           1337             AJMP EVENTOS10_11
044D 8171           1338             AJMP EVENTOS10_12
044F 8172           1339             AJMP EVENTOS10_13
0451 8173           1340             AJMP EVENTOS10_14
0453 8174           1341             AJMP EVENTOS10_15
0455 8175           1342             AJMP EVENTOS10_16
0457 8176           1343             AJMP EVENTOS10_17
0459 8177           1344             AJMP EVENTOS10_18
045B 8178           1345             AJMP EVENTOS10_19
045D 8179           1346             AJMP EVENTOS10_20
045F 817A           1347             AJMP EVENTOS10_21
0461 817B           1348             AJMP EVENTOS10_22
0463 817C           1349             AJMP EVENTOS10_23
                    1350     
0465                1351     EVENTOS10_0:
0465 22             1352             RET
                    1353     
0466                1354     EVENTOS10_1:
0466 22             1355             RET
                    1356     
0467                1357     EVENTOS10_2:
0467 22             1358             RET
                    1359     
0468                1360     EVENTOS10_3:
0468 22             1361             RET
                    1362     
0469                1363     EVENTOS10_4:
0469 22             1364             RET
                    1365     
046A                1366     EVENTOS10_5:
046A 22             1367             RET
                    1368     
046B                1369     EVENTOS10_6:
046B 22             1370             RET
                    1371     
046C                1372     EVENTOS10_7:
046C 22             1373             RET
                    1374     
046D                1375     EVENTOS10_8:
046D 22             1376             RET
                    1377     
046E                1378     EVENTOS10_9:
A51 MACRO ASSEMBLER  LAVADERO                                                             11/22/2024 17:53:19 PAGE    22

046E 22             1379             RET
                    1380     
046F                1381     EVENTOS10_10:
046F 22             1382             RET
                    1383     
0470                1384     EVENTOS10_11:
0470 22             1385             RET
                    1386     
0471                1387     EVENTOS10_12:
0471 22             1388             RET
                    1389     
0472                1390     EVENTOS10_13:
0472 22             1391             RET
                    1392     
0473                1393     EVENTOS10_14:
0473 22             1394             RET
                    1395     
0474                1396     EVENTOS10_15:
0474 22             1397             RET
                    1398     
0475                1399     EVENTOS10_16:
0475 22             1400             RET
                    1401     
0476                1402     EVENTOS10_17:
0476 22             1403             RET
                    1404     
0477                1405     EVENTOS10_18:
0477 22             1406             RET
                    1407     
0478                1408     EVENTOS10_19:
0478 22             1409             RET
                    1410     
0479                1411     EVENTOS10_20:
0479 22             1412             RET
                    1413     
047A                1414     EVENTOS10_21:
047A 22             1415             RET
                    1416     
047B                1417     EVENTOS10_22:
                    1418     ;acciones
047B 22             1419             RET
                    1420     
047C                1421     EVENTOS10_23:
047C 22             1422             RET
                    1423     
                    1424     
                    1425     ;#########################################################################
                    1426     ;                       ESTADO 11
                    1427     ;#########################################################################
                    1428     
047D                1429     RETIRAR_COCHE:
047D 9180           1430             ACALL MAQ_EVENTOS_11
047F 22             1431             RET
                    1432     
0480                1433     MAQ_EVENTOS_11:
0480 E9             1434             MOV A, EVENTO
0481 23             1435             RL A
0482 900486         1436             MOV DPTR, #LISTA_EV_11
0485 73             1437             JMP @A+DPTR
                    1438     
0486                1439     LISTA_EV_11:
0486 81B6           1440             AJMP EVENTOS11_0
0488 81B7           1441             AJMP EVENTOS11_1
048A 81B8           1442             AJMP EVENTOS11_2
048C 81B9           1443             AJMP EVENTOS11_3
048E 81BA           1444             AJMP EVENTOS11_4
A51 MACRO ASSEMBLER  LAVADERO                                                             11/22/2024 17:53:19 PAGE    23

0490 81BB           1445             AJMP EVENTOS11_5
0492 81BC           1446             AJMP EVENTOS11_6
0494 81BD           1447             AJMP EVENTOS11_7
0496 81BE           1448             AJMP EVENTOS11_8
0498 81BF           1449             AJMP EVENTOS11_9
049A 81C0           1450             AJMP EVENTOS11_10
049C 81C1           1451             AJMP EVENTOS11_11
049E 81C2           1452             AJMP EVENTOS11_12
04A0 81C3           1453             AJMP EVENTOS11_13
04A2 81C4           1454             AJMP EVENTOS11_14
04A4 81C5           1455             AJMP EVENTOS11_15
04A6 81C6           1456             AJMP EVENTOS11_16
04A8 81C7           1457             AJMP EVENTOS11_17
04AA 81C8           1458             AJMP EVENTOS11_18
04AC 81C9           1459             AJMP EVENTOS11_19
04AE 81CA           1460             AJMP EVENTOS11_20
04B0 81CB           1461             AJMP EVENTOS11_21
04B2 81CC           1462             AJMP EVENTOS11_22
04B4 81CD           1463             AJMP EVENTOS11_23
                    1464     
04B6                1465     EVENTOS11_0:
04B6 22             1466             RET
                    1467     
04B7                1468     EVENTOS11_1:
04B7 22             1469             RET
                    1470     
04B8                1471     EVENTOS11_2:
04B8 22             1472             RET
                    1473     
04B9                1474     EVENTOS11_3:
04B9 22             1475             RET
                    1476     
04BA                1477     EVENTOS11_4:
04BA 22             1478             RET
                    1479     
04BB                1480     EVENTOS11_5:
04BB 22             1481             RET
                    1482     
04BC                1483     EVENTOS11_6:
04BC 22             1484             RET
                    1485     
04BD                1486     EVENTOS11_7:
04BD 22             1487             RET
                    1488     
04BE                1489     EVENTOS11_8:
04BE 22             1490             RET
                    1491     
04BF                1492     EVENTOS11_9:
04BF 22             1493             RET
                    1494     
04C0                1495     EVENTOS11_10:
04C0 22             1496             RET
                    1497     
04C1                1498     EVENTOS11_11:
04C1 22             1499             RET
                    1500     
04C2                1501     EVENTOS11_12:
04C2 22             1502             RET
                    1503     
04C3                1504     EVENTOS11_13:
04C3 22             1505             RET
                    1506     
04C4                1507     EVENTOS11_14:
04C4 22             1508             RET
                    1509     
04C5                1510     EVENTOS11_15:
A51 MACRO ASSEMBLER  LAVADERO                                                             11/22/2024 17:53:19 PAGE    24

04C5 22             1511             RET
                    1512     
04C6                1513     EVENTOS11_16:
04C6 22             1514             RET
                    1515     
04C7                1516     EVENTOS11_17:
04C7 22             1517             RET
                    1518     
04C8                1519     EVENTOS11_18:
04C8 22             1520             RET
                    1521     
04C9                1522     EVENTOS11_19:
04C9 22             1523             RET
                    1524     
04CA                1525     EVENTOS11_20:
04CA 22             1526             RET
                    1527     
04CB                1528     EVENTOS11_21:
04CB 22             1529             RET
                    1530     
04CC                1531     EVENTOS11_22:
04CC 22             1532             RET
                    1533     
04CD                1534     EVENTOS11_23:
                    1535     ;acciones
04CD 22             1536             RET
                    1537     
                    1538     ;********************************************** TIMER *************************************
                             **************************************
04CE                1539     SUB_TIMER:
04CE C28D           1540             CLR TCON.5      
04D0 C0E0           1541             PUSH ACC
04D2 C0D0           1542             PUSH PSW
04D4 758C3C         1543             MOV TH0, #3CH           ;Valor de 13536
04D7 758AB0         1544             MOV TL0, #0xB0
04DA D200           1545             SETB tick_50ms
04DC 0530           1546             INC cont_50ms
04DE E530           1547             MOV A, cont_50ms
04E0 B46409         1548             CJNE A, #0x64, FIN_SUBTIMER ;Salta si no han pasado 100 ciclos
                    1549     
                    1550             ;5 segundos
04E3 753000         1551             MOV cont_50ms, #0
04E6 D281           1552             SETB SEM_ROJO
04E8 C280           1553             CLR SEM_VERDE
04EA D201           1554             SETB tick_5s
                    1555     
04EC                1556     FIN_SUBTIMER:
04EC D0D0           1557             POP PSW
04EE D0E0           1558             POP ACC
04F0 22             1559             RET
                    1560     
04F1                1561     PROGRAMAR_TIMER:        
04F1 758C3C         1562             MOV TH0, #3CH           ;Valor de 13536
04F4 758AB0         1563             MOV TL0, #0xB0
04F7 753000         1564             MOV cont_50ms, #0x00
04FA C200           1565             CLR tick_50ms
04FC C201           1566             CLR tick_5s
04FE D28C           1567             SETB TCON.4             ;Enciende el timer      
0500 758901         1568             MOV TMOD, #00000001
0503 D2A9           1569             SETB ET0                ;Habilitar interrupciones de overflow
0505 D2AF           1570             SETB EA                 ;Bit que activa las interrupciones
0507 22             1571             RET
                    1572     
                    1573     END
A51 MACRO ASSEMBLER  LAVADERO                                                             11/22/2024 17:53:19 PAGE    25

SYMBOL TABLE LISTING
------ ----- -------


N A M E             T Y P E  V A L U E   ATTRIBUTES

ACC. . . . . . . .  D ADDR   00E0H   A   
ACLARADO . . . . .  C ADDR   03DBH   A   
ALARMA . . . . . .  C ADDR   01A4H   A   
AL_START . . . . .  B ADDR   0080H.6 A   
BMOV_BACK. . . . .  B ADDR   0090H.1 A   
BMOV_FRONT . . . .  B ADDR   0090H.0 A   
BPOS_START . . . .  B ADDR   0080H.7 A   
BUCLE. . . . . . .  C ADDR   0082H   A   
COCHE_PUESTO . . .  C ADDR   0153H   A   
COCHE_SALIDO . . .  C ADDR   0149H   A   
COCHE_SITUADO. . .  C ADDR   014EH   A   
CONT_50MS. . . . .  N NUMB   0030H   A   
EA . . . . . . . .  B ADDR   00A8H.7 A   
ENJABONADO . . . .  C ADDR   0246H   A   
ESPERA_COCHE . . .  C ADDR   00E8H   A   
ESTADO . . . . . .    REG    R0          
ET0. . . . . . . .  B ADDR   00A8H.1 A   
EVENTO . . . . . .    REG    R1          
EVENTOS0_0 . . . .  C ADDR   0121H   A   
EVENTOS0_1 . . . .  C ADDR   0125H   A   
EVENTOS0_10. . . .  C ADDR   0136H   A   
EVENTOS0_11. . . .  C ADDR   0137H   A   
EVENTOS0_12. . . .  C ADDR   0138H   A   
EVENTOS0_13. . . .  C ADDR   0139H   A   
EVENTOS0_14. . . .  C ADDR   013AH   A   
EVENTOS0_15. . . .  C ADDR   013BH   A   
EVENTOS0_16. . . .  C ADDR   013CH   A   
EVENTOS0_17. . . .  C ADDR   013DH   A   
EVENTOS0_18. . . .  C ADDR   013EH   A   
EVENTOS0_19. . . .  C ADDR   013FH   A   
EVENTOS0_2 . . . .  C ADDR   012CH   A   
EVENTOS0_20. . . .  C ADDR   0140H   A   
EVENTOS0_21. . . .  C ADDR   0141H   A   
EVENTOS0_22. . . .  C ADDR   0142H   A   
EVENTOS0_23. . . .  C ADDR   0143H   A   
EVENTOS0_3 . . . .  C ADDR   012FH   A   
EVENTOS0_4 . . . .  C ADDR   0130H   A   
EVENTOS0_5 . . . .  C ADDR   0131H   A   
EVENTOS0_6 . . . .  C ADDR   0132H   A   
EVENTOS0_7 . . . .  C ADDR   0133H   A   
EVENTOS0_8 . . . .  C ADDR   0134H   A   
EVENTOS0_9 . . . .  C ADDR   0135H   A   
EVENTOS10_0. . . .  C ADDR   0465H   A   
EVENTOS10_1. . . .  C ADDR   0466H   A   
EVENTOS10_10 . . .  C ADDR   046FH   A   
EVENTOS10_11 . . .  C ADDR   0470H   A   
EVENTOS10_12 . . .  C ADDR   0471H   A   
EVENTOS10_13 . . .  C ADDR   0472H   A   
EVENTOS10_14 . . .  C ADDR   0473H   A   
EVENTOS10_15 . . .  C ADDR   0474H   A   
EVENTOS10_16 . . .  C ADDR   0475H   A   
EVENTOS10_17 . . .  C ADDR   0476H   A   
EVENTOS10_18 . . .  C ADDR   0477H   A   
EVENTOS10_19 . . .  C ADDR   0478H   A   
EVENTOS10_2. . . .  C ADDR   0467H   A   
EVENTOS10_20 . . .  C ADDR   0479H   A   
EVENTOS10_21 . . .  C ADDR   047AH   A   
EVENTOS10_22 . . .  C ADDR   047BH   A   
EVENTOS10_23 . . .  C ADDR   047CH   A   
EVENTOS10_3. . . .  C ADDR   0468H   A   
A51 MACRO ASSEMBLER  LAVADERO                                                             11/22/2024 17:53:19 PAGE    26

EVENTOS10_4. . . .  C ADDR   0469H   A   
EVENTOS10_5. . . .  C ADDR   046AH   A   
EVENTOS10_6. . . .  C ADDR   046BH   A   
EVENTOS10_7. . . .  C ADDR   046CH   A   
EVENTOS10_8. . . .  C ADDR   046DH   A   
EVENTOS10_9. . . .  C ADDR   046EH   A   
EVENTOS11_0. . . .  C ADDR   04B6H   A   
EVENTOS11_1. . . .  C ADDR   04B7H   A   
EVENTOS11_10 . . .  C ADDR   04C0H   A   
EVENTOS11_11 . . .  C ADDR   04C1H   A   
EVENTOS11_12 . . .  C ADDR   04C2H   A   
EVENTOS11_13 . . .  C ADDR   04C3H   A   
EVENTOS11_14 . . .  C ADDR   04C4H   A   
EVENTOS11_15 . . .  C ADDR   04C5H   A   
EVENTOS11_16 . . .  C ADDR   04C6H   A   
EVENTOS11_17 . . .  C ADDR   04C7H   A   
EVENTOS11_18 . . .  C ADDR   04C8H   A   
EVENTOS11_19 . . .  C ADDR   04C9H   A   
EVENTOS11_2. . . .  C ADDR   04B8H   A   
EVENTOS11_20 . . .  C ADDR   04CAH   A   
EVENTOS11_21 . . .  C ADDR   04CBH   A   
EVENTOS11_22 . . .  C ADDR   04CCH   A   
EVENTOS11_23 . . .  C ADDR   04CDH   A   
EVENTOS11_3. . . .  C ADDR   04B9H   A   
EVENTOS11_4. . . .  C ADDR   04BAH   A   
EVENTOS11_5. . . .  C ADDR   04BBH   A   
EVENTOS11_6. . . .  C ADDR   04BCH   A   
EVENTOS11_7. . . .  C ADDR   04BDH   A   
EVENTOS11_8. . . .  C ADDR   04BEH   A   
EVENTOS11_9. . . .  C ADDR   04BFH   A   
EVENTOS1_0 . . . .  C ADDR   018CH   A   
EVENTOS1_1 . . . .  C ADDR   018DH   A   
EVENTOS1_10. . . .  C ADDR   0196H   A   
EVENTOS1_11. . . .  C ADDR   0197H   A   
EVENTOS1_12. . . .  C ADDR   0198H   A   
EVENTOS1_13. . . .  C ADDR   0199H   A   
EVENTOS1_14. . . .  C ADDR   019AH   A   
EVENTOS1_15. . . .  C ADDR   019BH   A   
EVENTOS1_16. . . .  C ADDR   019CH   A   
EVENTOS1_17. . . .  C ADDR   019DH   A   
EVENTOS1_18. . . .  C ADDR   019EH   A   
EVENTOS1_19. . . .  C ADDR   019FH   A   
EVENTOS1_2 . . . .  C ADDR   018EH   A   
EVENTOS1_20. . . .  C ADDR   01A0H   A   
EVENTOS1_21. . . .  C ADDR   01A1H   A   
EVENTOS1_22. . . .  C ADDR   01A2H   A   
EVENTOS1_23. . . .  C ADDR   01A3H   A   
EVENTOS1_3 . . . .  C ADDR   018FH   A   
EVENTOS1_4 . . . .  C ADDR   0190H   A   
EVENTOS1_5 . . . .  C ADDR   0191H   A   
EVENTOS1_6 . . . .  C ADDR   0192H   A   
EVENTOS1_7 . . . .  C ADDR   0193H   A   
EVENTOS1_8 . . . .  C ADDR   0194H   A   
EVENTOS1_9 . . . .  C ADDR   0195H   A   
EVENTOS2_0 . . . .  C ADDR   01DDH   A   
EVENTOS2_1 . . . .  C ADDR   01DEH   A   
EVENTOS2_10. . . .  C ADDR   01E7H   A   
EVENTOS2_11. . . .  C ADDR   01E8H   A   
EVENTOS2_12. . . .  C ADDR   01E9H   A   
EVENTOS2_13. . . .  C ADDR   01EAH   A   
EVENTOS2_14. . . .  C ADDR   01EBH   A   
EVENTOS2_15. . . .  C ADDR   01ECH   A   
EVENTOS2_16. . . .  C ADDR   01EDH   A   
EVENTOS2_17. . . .  C ADDR   01EEH   A   
EVENTOS2_18. . . .  C ADDR   01EFH   A   
EVENTOS2_19. . . .  C ADDR   01F0H   A   
A51 MACRO ASSEMBLER  LAVADERO                                                             11/22/2024 17:53:19 PAGE    27

EVENTOS2_2 . . . .  C ADDR   01DFH   A   
EVENTOS2_20. . . .  C ADDR   01F1H   A   
EVENTOS2_21. . . .  C ADDR   01F2H   A   
EVENTOS2_22. . . .  C ADDR   01F3H   A   
EVENTOS2_23. . . .  C ADDR   01F4H   A   
EVENTOS2_3 . . . .  C ADDR   01E0H   A   
EVENTOS2_4 . . . .  C ADDR   01E1H   A   
EVENTOS2_5 . . . .  C ADDR   01E2H   A   
EVENTOS2_6 . . . .  C ADDR   01E3H   A   
EVENTOS2_7 . . . .  C ADDR   01E4H   A   
EVENTOS2_8 . . . .  C ADDR   01E5H   A   
EVENTOS2_9 . . . .  C ADDR   01E6H   A   
EVENTOS3_0 . . . .  C ADDR   022EH   A   
EVENTOS3_1 . . . .  C ADDR   022FH   A   
EVENTOS3_10. . . .  C ADDR   0238H   A   
EVENTOS3_11. . . .  C ADDR   0239H   A   
EVENTOS3_12. . . .  C ADDR   023AH   A   
EVENTOS3_13. . . .  C ADDR   023BH   A   
EVENTOS3_14. . . .  C ADDR   023CH   A   
EVENTOS3_15. . . .  C ADDR   023DH   A   
EVENTOS3_16. . . .  C ADDR   023EH   A   
EVENTOS3_17. . . .  C ADDR   023FH   A   
EVENTOS3_18. . . .  C ADDR   0240H   A   
EVENTOS3_19. . . .  C ADDR   0241H   A   
EVENTOS3_2 . . . .  C ADDR   0230H   A   
EVENTOS3_20. . . .  C ADDR   0242H   A   
EVENTOS3_21. . . .  C ADDR   0243H   A   
EVENTOS3_22. . . .  C ADDR   0244H   A   
EVENTOS3_23. . . .  C ADDR   0245H   A   
EVENTOS3_3 . . . .  C ADDR   0231H   A   
EVENTOS3_4 . . . .  C ADDR   0232H   A   
EVENTOS3_5 . . . .  C ADDR   0233H   A   
EVENTOS3_6 . . . .  C ADDR   0234H   A   
EVENTOS3_7 . . . .  C ADDR   0235H   A   
EVENTOS3_8 . . . .  C ADDR   0236H   A   
EVENTOS3_9 . . . .  C ADDR   0237H   A   
EVENTOS4_0 . . . .  C ADDR   027FH   A   
EVENTOS4_1 . . . .  C ADDR   0280H   A   
EVENTOS4_10. . . .  C ADDR   0289H   A   
EVENTOS4_11. . . .  C ADDR   028AH   A   
EVENTOS4_12. . . .  C ADDR   028BH   A   
EVENTOS4_13. . . .  C ADDR   028CH   A   
EVENTOS4_14. . . .  C ADDR   028DH   A   
EVENTOS4_15. . . .  C ADDR   028EH   A   
EVENTOS4_16. . . .  C ADDR   028FH   A   
EVENTOS4_17. . . .  C ADDR   0290H   A   
EVENTOS4_18. . . .  C ADDR   0291H   A   
EVENTOS4_19. . . .  C ADDR   0292H   A   
EVENTOS4_2 . . . .  C ADDR   0281H   A   
EVENTOS4_20. . . .  C ADDR   0293H   A   
EVENTOS4_21. . . .  C ADDR   0294H   A   
EVENTOS4_22. . . .  C ADDR   0295H   A   
EVENTOS4_23. . . .  C ADDR   0296H   A   
EVENTOS4_3 . . . .  C ADDR   0282H   A   
EVENTOS4_4 . . . .  C ADDR   0283H   A   
EVENTOS4_5 . . . .  C ADDR   0284H   A   
EVENTOS4_6 . . . .  C ADDR   0285H   A   
EVENTOS4_7 . . . .  C ADDR   0286H   A   
EVENTOS4_8 . . . .  C ADDR   0287H   A   
EVENTOS4_9 . . . .  C ADDR   0288H   A   
EVENTOS5_0 . . . .  C ADDR   02D0H   A   
EVENTOS5_1 . . . .  C ADDR   02D1H   A   
EVENTOS5_10. . . .  C ADDR   02DAH   A   
EVENTOS5_11. . . .  C ADDR   02DBH   A   
EVENTOS5_12. . . .  C ADDR   02DCH   A   
EVENTOS5_13. . . .  C ADDR   02DDH   A   
A51 MACRO ASSEMBLER  LAVADERO                                                             11/22/2024 17:53:19 PAGE    28

EVENTOS5_14. . . .  C ADDR   02DEH   A   
EVENTOS5_15. . . .  C ADDR   02DFH   A   
EVENTOS5_16. . . .  C ADDR   02E0H   A   
EVENTOS5_17. . . .  C ADDR   02E1H   A   
EVENTOS5_18. . . .  C ADDR   02E2H   A   
EVENTOS5_19. . . .  C ADDR   02E3H   A   
EVENTOS5_2 . . . .  C ADDR   02D2H   A   
EVENTOS5_20. . . .  C ADDR   02E4H   A   
EVENTOS5_21. . . .  C ADDR   02E5H   A   
EVENTOS5_22. . . .  C ADDR   02E6H   A   
EVENTOS5_23. . . .  C ADDR   02E7H   A   
EVENTOS5_3 . . . .  C ADDR   02D3H   A   
EVENTOS5_4 . . . .  C ADDR   02D4H   A   
EVENTOS5_5 . . . .  C ADDR   02D5H   A   
EVENTOS5_6 . . . .  C ADDR   02D6H   A   
EVENTOS5_7 . . . .  C ADDR   02D7H   A   
EVENTOS5_8 . . . .  C ADDR   02D8H   A   
EVENTOS5_9 . . . .  C ADDR   02D9H   A   
EVENTOS6_0 . . . .  C ADDR   0321H   A   
EVENTOS6_1 . . . .  C ADDR   0322H   A   
EVENTOS6_10. . . .  C ADDR   032BH   A   
EVENTOS6_11. . . .  C ADDR   032CH   A   
EVENTOS6_12. . . .  C ADDR   032DH   A   
EVENTOS6_13. . . .  C ADDR   032EH   A   
EVENTOS6_14. . . .  C ADDR   032FH   A   
EVENTOS6_15. . . .  C ADDR   0330H   A   
EVENTOS6_16. . . .  C ADDR   0331H   A   
EVENTOS6_17. . . .  C ADDR   0332H   A   
EVENTOS6_18. . . .  C ADDR   0333H   A   
EVENTOS6_19. . . .  C ADDR   0334H   A   
EVENTOS6_2 . . . .  C ADDR   0323H   A   
EVENTOS6_20. . . .  C ADDR   0335H   A   
EVENTOS6_21. . . .  C ADDR   0336H   A   
EVENTOS6_22. . . .  C ADDR   0337H   A   
EVENTOS6_23. . . .  C ADDR   0338H   A   
EVENTOS6_3 . . . .  C ADDR   0324H   A   
EVENTOS6_4 . . . .  C ADDR   0325H   A   
EVENTOS6_5 . . . .  C ADDR   0326H   A   
EVENTOS6_6 . . . .  C ADDR   0327H   A   
EVENTOS6_7 . . . .  C ADDR   0328H   A   
EVENTOS6_8 . . . .  C ADDR   0329H   A   
EVENTOS6_9 . . . .  C ADDR   032AH   A   
EVENTOS7_0 . . . .  C ADDR   0372H   A   
EVENTOS7_1 . . . .  C ADDR   0373H   A   
EVENTOS7_10. . . .  C ADDR   037CH   A   
EVENTOS7_11. . . .  C ADDR   037DH   A   
EVENTOS7_12. . . .  C ADDR   037EH   A   
EVENTOS7_13. . . .  C ADDR   037FH   A   
EVENTOS7_14. . . .  C ADDR   0380H   A   
EVENTOS7_15. . . .  C ADDR   0381H   A   
EVENTOS7_16. . . .  C ADDR   0382H   A   
EVENTOS7_17. . . .  C ADDR   0383H   A   
EVENTOS7_18. . . .  C ADDR   0384H   A   
EVENTOS7_19. . . .  C ADDR   0385H   A   
EVENTOS7_2 . . . .  C ADDR   0374H   A   
EVENTOS7_20. . . .  C ADDR   0386H   A   
EVENTOS7_21. . . .  C ADDR   0387H   A   
EVENTOS7_22. . . .  C ADDR   0388H   A   
EVENTOS7_23. . . .  C ADDR   0389H   A   
EVENTOS7_3 . . . .  C ADDR   0375H   A   
EVENTOS7_4 . . . .  C ADDR   0376H   A   
EVENTOS7_5 . . . .  C ADDR   0377H   A   
EVENTOS7_6 . . . .  C ADDR   0378H   A   
EVENTOS7_7 . . . .  C ADDR   0379H   A   
EVENTOS7_8 . . . .  C ADDR   037AH   A   
EVENTOS7_9 . . . .  C ADDR   037BH   A   
A51 MACRO ASSEMBLER  LAVADERO                                                             11/22/2024 17:53:19 PAGE    29

EVENTOS8_0 . . . .  C ADDR   03C3H   A   
EVENTOS8_1 . . . .  C ADDR   03C4H   A   
EVENTOS8_10. . . .  C ADDR   03CDH   A   
EVENTOS8_11. . . .  C ADDR   03CEH   A   
EVENTOS8_12. . . .  C ADDR   03CFH   A   
EVENTOS8_13. . . .  C ADDR   03D0H   A   
EVENTOS8_14. . . .  C ADDR   03D1H   A   
EVENTOS8_15. . . .  C ADDR   03D2H   A   
EVENTOS8_16. . . .  C ADDR   03D3H   A   
EVENTOS8_17. . . .  C ADDR   03D4H   A   
EVENTOS8_18. . . .  C ADDR   03D5H   A   
EVENTOS8_19. . . .  C ADDR   03D6H   A   
EVENTOS8_2 . . . .  C ADDR   03C5H   A   
EVENTOS8_20. . . .  C ADDR   03D7H   A   
EVENTOS8_21. . . .  C ADDR   03D8H   A   
EVENTOS8_22. . . .  C ADDR   03D9H   A   
EVENTOS8_23. . . .  C ADDR   03DAH   A   
EVENTOS8_3 . . . .  C ADDR   03C6H   A   
EVENTOS8_4 . . . .  C ADDR   03C7H   A   
EVENTOS8_5 . . . .  C ADDR   03C8H   A   
EVENTOS8_6 . . . .  C ADDR   03C9H   A   
EVENTOS8_7 . . . .  C ADDR   03CAH   A   
EVENTOS8_8 . . . .  C ADDR   03CBH   A   
EVENTOS8_9 . . . .  C ADDR   03CCH   A   
EVENTOS9_0 . . . .  C ADDR   0414H   A   
EVENTOS9_1 . . . .  C ADDR   0415H   A   
EVENTOS9_10. . . .  C ADDR   041EH   A   
EVENTOS9_11. . . .  C ADDR   041FH   A   
EVENTOS9_12. . . .  C ADDR   0420H   A   
EVENTOS9_13. . . .  C ADDR   0421H   A   
EVENTOS9_14. . . .  C ADDR   0422H   A   
EVENTOS9_15. . . .  C ADDR   0423H   A   
EVENTOS9_16. . . .  C ADDR   0424H   A   
EVENTOS9_17. . . .  C ADDR   0425H   A   
EVENTOS9_18. . . .  C ADDR   0426H   A   
EVENTOS9_19. . . .  C ADDR   0427H   A   
EVENTOS9_2 . . . .  C ADDR   0416H   A   
EVENTOS9_20. . . .  C ADDR   0428H   A   
EVENTOS9_21. . . .  C ADDR   0429H   A   
EVENTOS9_22. . . .  C ADDR   042AH   A   
EVENTOS9_23. . . .  C ADDR   042BH   A   
EVENTOS9_3 . . . .  C ADDR   0417H   A   
EVENTOS9_4 . . . .  C ADDR   0418H   A   
EVENTOS9_5 . . . .  C ADDR   0419H   A   
EVENTOS9_6 . . . .  C ADDR   041AH   A   
EVENTOS9_7 . . . .  C ADDR   041BH   A   
EVENTOS9_8 . . . .  C ADDR   041CH   A   
EVENTOS9_9 . . . .  C ADDR   041DH   A   
EV_1 . . . . . . .  C ADDR   00C0H   A   
EV_2 . . . . . . .  C ADDR   00C5H   A   
EV_AGUA. . . . . .  B ADDR   00A0H.0 A   
EV_JABON . . . . .  B ADDR   00A0H.1 A   
FC_RH_TOP. . . . .  B ADDR   0090H.2 A   
FC_RV_BORDE. . . .  B ADDR   0090H.5 A   
FC_RV_CENTRO . . .  B ADDR   00A0H.4 A   
FICHA_TIPO . . . .  B ADDR   0080H.3 A   
FIN_SUBTIMER . . .  C ADDR   04ECH   A   
GEN_EVE. . . . . .  C ADDR   00B9H   A   
HOLA . . . . . . .    REG    R2          
INICIALIZAR. . . .  C ADDR   0088H   A   
INICIAR_TIMER. . .  C ADDR   0144H   A   
INICIO . . . . . .  C ADDR   0080H   A   
LED_LNIT . . . . .  B ADDR   00A0H.6 A   
LED_LNOR . . . . .  B ADDR   00A0H.5 A   
LIMPIAR_ATRAS. . .  C ADDR   0297H   A   
LIMPIAR_DELANTE. .  C ADDR   038AH   A   
A51 MACRO ASSEMBLER  LAVADERO                                                             11/22/2024 17:53:19 PAGE    30

LISTA_EST. . . . .  C ADDR   00D0H   A   
LISTA_EV_0 . . . .  C ADDR   00F1H   A   
LISTA_EV_1 . . . .  C ADDR   015CH   A   
LISTA_EV_10. . . .  C ADDR   0435H   A   
LISTA_EV_11. . . .  C ADDR   0486H   A   
LISTA_EV_2 . . . .  C ADDR   01ADH   A   
LISTA_EV_3 . . . .  C ADDR   01FEH   A   
LISTA_EV_4 . . . .  C ADDR   024FH   A   
LISTA_EV_5 . . . .  C ADDR   02A0H   A   
LISTA_EV_6 . . . .  C ADDR   02F1H   A   
LISTA_EV_7 . . . .  C ADDR   0342H   A   
LISTA_EV_8 . . . .  C ADDR   0393H   A   
LISTA_EV_9 . . . .  C ADDR   03E4H   A   
MAQ_ESTADOS. . . .  C ADDR   00CAH   A   
MAQ_EVENTOS_0. . .  C ADDR   00EBH   A   
MAQ_EVENTOS_1. . .  C ADDR   0156H   A   
MAQ_EVENTOS_10 . .  C ADDR   042FH   A   
MAQ_EVENTOS_11 . .  C ADDR   0480H   A   
MAQ_EVENTOS_2. . .  C ADDR   01A7H   A   
MAQ_EVENTOS_3. . .  C ADDR   01F8H   A   
MAQ_EVENTOS_4. . .  C ADDR   0249H   A   
MAQ_EVENTOS_5. . .  C ADDR   029AH   A   
MAQ_EVENTOS_6. . .  C ADDR   02EBH   A   
MAQ_EVENTOS_7. . .  C ADDR   033CH   A   
MAQ_EVENTOS_8. . .  C ADDR   038DH   A   
MAQ_EVENTOS_9. . .  C ADDR   03DEH   A   
P0 . . . . . . . .  D ADDR   0080H   A   
P1 . . . . . . . .  D ADDR   0090H   A   
P2 . . . . . . . .  D ADDR   00A0H   A   
PONER_PUENTE . . .  C ADDR   01F5H   A   
PONER_RODILLOS . .  C ADDR   02E8H   A   
PROGRAMAR_TIMER. .  C ADDR   04F1H   A   
PSW. . . . . . . .  D ADDR   00D0H   A   
P_START. . . . . .  B ADDR   0080H.5 A   
RETIRAR_COCHE. . .  C ADDR   047DH   A   
RH_DOWNTO. . . . .  B ADDR   0090H.4 A   
RH_INTO. . . . . .  B ADDR   0090H.7 A   
RH_UPTO. . . . . .  B ADDR   0090H.3 A   
RODILLOS . . . . .  C ADDR   0339H   A   
RV_OUTTO . . . . .  B ADDR   0090H.6 A   
SECADO . . . . . .  C ADDR   042CH   A   
SEM_ROJO . . . . .  B ADDR   0080H.1 A   
SEM_VERDE. . . . .  B ADDR   0080H.0 A   
SUB_TIMER. . . . .  C ADDR   04CEH   A   
S_CAR. . . . . . .  B ADDR   00A0H.3 A   
S_FICHA. . . . . .  B ADDR   0080H.4 A   
S_PLAT . . . . . .  B ADDR   0080H.2 A   
TCON . . . . . . .  D ADDR   0088H   A   
TH0. . . . . . . .  D ADDR   008CH   A   
TICK_50MS. . . . .  B ADDR   0020H.0 A   
TICK_5S. . . . . .  B ADDR   0020H.1 A   
TL0. . . . . . . .  D ADDR   008AH   A   
TMOD . . . . . . .  D ADDR   0089H   A   


REGISTER BANK(S) USED: 0 


ASSEMBLY COMPLETE.  0 WARNING(S), 0 ERROR(S)
