BL51 BANKED LINKER/LOCATER V4.14                                                        11/22/2024  17:53:19  PAGE 1


BL51 BANKED LINKER/LOCATER V4.14, INVOKED BY:
C:\KEIL\C51\BIN\BL51.EXE Lavadero.obj TO Lavadero RAMSIZE (256)


INPUT MODULES INCLUDED:
  Lavadero.obj (LAVADERO)


LINK MAP OF MODULE:  Lavadero (LAVADERO)


            TYPE    BASE      LENGTH    RELOCATION   SEGMENT NAME
            -----------------------------------------------------

            * * * * * * *   D A T A   M E M O R Y   * * * * * * *
            REG     0000H     0008H     ABSOLUTE     "REG BANK 0"

            * * * * * * *   C O D E   M E M O R Y   * * * * * * *
            CODE    0000H     0508H     ABSOLUTE     



SYMBOL TABLE OF MODULE:  Lavadero (LAVADERO)

  VALUE           TYPE          NAME
  ----------------------------------

  -------         MODULE        LAVADERO
  D:00E0H         SYMBOL        ACC
  C:03DBH         SYMBOL        ACLARADO
  C:01A4H         SYMBOL        ALARMA
  B:0080H.6       SYMBOL        AL_START
  B:0090H.1       SYMBOL        BMOV_BACK
  B:0090H.0       SYMBOL        BMOV_FRONT
  B:0080H.7       SYMBOL        BPOS_START
  C:0082H         SYMBOL        BUCLE
  C:0153H         SYMBOL        COCHE_PUESTO
  C:0149H         SYMBOL        COCHE_SALIDO
  C:014EH         SYMBOL        COCHE_SITUADO
  N:0030H         SYMBOL        CONT_50MS
  B:00A8H.7       SYMBOL        EA
  C:0246H         SYMBOL        ENJABONADO
  C:00E8H         SYMBOL        ESPERA_COCHE
  B:00A8H.1       SYMBOL        ET0
  C:0121H         SYMBOL        EVENTOS0_0
  C:0125H         SYMBOL        EVENTOS0_1
  C:0136H         SYMBOL        EVENTOS0_10
  C:0137H         SYMBOL        EVENTOS0_11
  C:0138H         SYMBOL        EVENTOS0_12
  C:0139H         SYMBOL        EVENTOS0_13
  C:013AH         SYMBOL        EVENTOS0_14
  C:013BH         SYMBOL        EVENTOS0_15
  C:013CH         SYMBOL        EVENTOS0_16
  C:013DH         SYMBOL        EVENTOS0_17
  C:013EH         SYMBOL        EVENTOS0_18
  C:013FH         SYMBOL        EVENTOS0_19
  C:012CH         SYMBOL        EVENTOS0_2
  C:0140H         SYMBOL        EVENTOS0_20
BL51 BANKED LINKER/LOCATER V4.14                                                      11/22/2024  17:53:19  PAGE 2


  C:0141H         SYMBOL        EVENTOS0_21
  C:0142H         SYMBOL        EVENTOS0_22
  C:0143H         SYMBOL        EVENTOS0_23
  C:012FH         SYMBOL        EVENTOS0_3
  C:0130H         SYMBOL        EVENTOS0_4
  C:0131H         SYMBOL        EVENTOS0_5
  C:0132H         SYMBOL        EVENTOS0_6
  C:0133H         SYMBOL        EVENTOS0_7
  C:0134H         SYMBOL        EVENTOS0_8
  C:0135H         SYMBOL        EVENTOS0_9
  C:0465H         SYMBOL        EVENTOS10_0
  C:0466H         SYMBOL        EVENTOS10_1
  C:046FH         SYMBOL        EVENTOS10_10
  C:0470H         SYMBOL        EVENTOS10_11
  C:0471H         SYMBOL        EVENTOS10_12
  C:0472H         SYMBOL        EVENTOS10_13
  C:0473H         SYMBOL        EVENTOS10_14
  C:0474H         SYMBOL        EVENTOS10_15
  C:0475H         SYMBOL        EVENTOS10_16
  C:0476H         SYMBOL        EVENTOS10_17
  C:0477H         SYMBOL        EVENTOS10_18
  C:0478H         SYMBOL        EVENTOS10_19
  C:0467H         SYMBOL        EVENTOS10_2
  C:0479H         SYMBOL        EVENTOS10_20
  C:047AH         SYMBOL        EVENTOS10_21
  C:047BH         SYMBOL        EVENTOS10_22
  C:047CH         SYMBOL        EVENTOS10_23
  C:0468H         SYMBOL        EVENTOS10_3
  C:0469H         SYMBOL        EVENTOS10_4
  C:046AH         SYMBOL        EVENTOS10_5
  C:046BH         SYMBOL        EVENTOS10_6
  C:046CH         SYMBOL        EVENTOS10_7
  C:046DH         SYMBOL        EVENTOS10_8
  C:046EH         SYMBOL        EVENTOS10_9
  C:04B6H         SYMBOL        EVENTOS11_0
  C:04B7H         SYMBOL        EVENTOS11_1
  C:04C0H         SYMBOL        EVENTOS11_10
  C:04C1H         SYMBOL        EVENTOS11_11
  C:04C2H         SYMBOL        EVENTOS11_12
  C:04C3H         SYMBOL        EVENTOS11_13
  C:04C4H         SYMBOL        EVENTOS11_14
  C:04C5H         SYMBOL        EVENTOS11_15
  C:04C6H         SYMBOL        EVENTOS11_16
  C:04C7H         SYMBOL        EVENTOS11_17
  C:04C8H         SYMBOL        EVENTOS11_18
  C:04C9H         SYMBOL        EVENTOS11_19
  C:04B8H         SYMBOL        EVENTOS11_2
  C:04CAH         SYMBOL        EVENTOS11_20
  C:04CBH         SYMBOL        EVENTOS11_21
  C:04CCH         SYMBOL        EVENTOS11_22
  C:04CDH         SYMBOL        EVENTOS11_23
  C:04B9H         SYMBOL        EVENTOS11_3
  C:04BAH         SYMBOL        EVENTOS11_4
  C:04BBH         SYMBOL        EVENTOS11_5
  C:04BCH         SYMBOL        EVENTOS11_6
  C:04BDH         SYMBOL        EVENTOS11_7
  C:04BEH         SYMBOL        EVENTOS11_8
BL51 BANKED LINKER/LOCATER V4.14                                                      11/22/2024  17:53:19  PAGE 3


  C:04BFH         SYMBOL        EVENTOS11_9
  C:018CH         SYMBOL        EVENTOS1_0
  C:018DH         SYMBOL        EVENTOS1_1
  C:0196H         SYMBOL        EVENTOS1_10
  C:0197H         SYMBOL        EVENTOS1_11
  C:0198H         SYMBOL        EVENTOS1_12
  C:0199H         SYMBOL        EVENTOS1_13
  C:019AH         SYMBOL        EVENTOS1_14
  C:019BH         SYMBOL        EVENTOS1_15
  C:019CH         SYMBOL        EVENTOS1_16
  C:019DH         SYMBOL        EVENTOS1_17
  C:019EH         SYMBOL        EVENTOS1_18
  C:019FH         SYMBOL        EVENTOS1_19
  C:018EH         SYMBOL        EVENTOS1_2
  C:01A0H         SYMBOL        EVENTOS1_20
  C:01A1H         SYMBOL        EVENTOS1_21
  C:01A2H         SYMBOL        EVENTOS1_22
  C:01A3H         SYMBOL        EVENTOS1_23
  C:018FH         SYMBOL        EVENTOS1_3
  C:0190H         SYMBOL        EVENTOS1_4
  C:0191H         SYMBOL        EVENTOS1_5
  C:0192H         SYMBOL        EVENTOS1_6
  C:0193H         SYMBOL        EVENTOS1_7
  C:0194H         SYMBOL        EVENTOS1_8
  C:0195H         SYMBOL        EVENTOS1_9
  C:01DDH         SYMBOL        EVENTOS2_0
  C:01DEH         SYMBOL        EVENTOS2_1
  C:01E7H         SYMBOL        EVENTOS2_10
  C:01E8H         SYMBOL        EVENTOS2_11
  C:01E9H         SYMBOL        EVENTOS2_12
  C:01EAH         SYMBOL        EVENTOS2_13
  C:01EBH         SYMBOL        EVENTOS2_14
  C:01ECH         SYMBOL        EVENTOS2_15
  C:01EDH         SYMBOL        EVENTOS2_16
  C:01EEH         SYMBOL        EVENTOS2_17
  C:01EFH         SYMBOL        EVENTOS2_18
  C:01F0H         SYMBOL        EVENTOS2_19
  C:01DFH         SYMBOL        EVENTOS2_2
  C:01F1H         SYMBOL        EVENTOS2_20
  C:01F2H         SYMBOL        EVENTOS2_21
  C:01F3H         SYMBOL        EVENTOS2_22
  C:01F4H         SYMBOL        EVENTOS2_23
  C:01E0H         SYMBOL        EVENTOS2_3
  C:01E1H         SYMBOL        EVENTOS2_4
  C:01E2H         SYMBOL        EVENTOS2_5
  C:01E3H         SYMBOL        EVENTOS2_6
  C:01E4H         SYMBOL        EVENTOS2_7
  C:01E5H         SYMBOL        EVENTOS2_8
  C:01E6H         SYMBOL        EVENTOS2_9
  C:022EH         SYMBOL        EVENTOS3_0
  C:022FH         SYMBOL        EVENTOS3_1
  C:0238H         SYMBOL        EVENTOS3_10
  C:0239H         SYMBOL        EVENTOS3_11
  C:023AH         SYMBOL        EVENTOS3_12
  C:023BH         SYMBOL        EVENTOS3_13
  C:023CH         SYMBOL        EVENTOS3_14
  C:023DH         SYMBOL        EVENTOS3_15
BL51 BANKED LINKER/LOCATER V4.14                                                      11/22/2024  17:53:19  PAGE 4


  C:023EH         SYMBOL        EVENTOS3_16
  C:023FH         SYMBOL        EVENTOS3_17
  C:0240H         SYMBOL        EVENTOS3_18
  C:0241H         SYMBOL        EVENTOS3_19
  C:0230H         SYMBOL        EVENTOS3_2
  C:0242H         SYMBOL        EVENTOS3_20
  C:0243H         SYMBOL        EVENTOS3_21
  C:0244H         SYMBOL        EVENTOS3_22
  C:0245H         SYMBOL        EVENTOS3_23
  C:0231H         SYMBOL        EVENTOS3_3
  C:0232H         SYMBOL        EVENTOS3_4
  C:0233H         SYMBOL        EVENTOS3_5
  C:0234H         SYMBOL        EVENTOS3_6
  C:0235H         SYMBOL        EVENTOS3_7
  C:0236H         SYMBOL        EVENTOS3_8
  C:0237H         SYMBOL        EVENTOS3_9
  C:027FH         SYMBOL        EVENTOS4_0
  C:0280H         SYMBOL        EVENTOS4_1
  C:0289H         SYMBOL        EVENTOS4_10
  C:028AH         SYMBOL        EVENTOS4_11
  C:028BH         SYMBOL        EVENTOS4_12
  C:028CH         SYMBOL        EVENTOS4_13
  C:028DH         SYMBOL        EVENTOS4_14
  C:028EH         SYMBOL        EVENTOS4_15
  C:028FH         SYMBOL        EVENTOS4_16
  C:0290H         SYMBOL        EVENTOS4_17
  C:0291H         SYMBOL        EVENTOS4_18
  C:0292H         SYMBOL        EVENTOS4_19
  C:0281H         SYMBOL        EVENTOS4_2
  C:0293H         SYMBOL        EVENTOS4_20
  C:0294H         SYMBOL        EVENTOS4_21
  C:0295H         SYMBOL        EVENTOS4_22
  C:0296H         SYMBOL        EVENTOS4_23
  C:0282H         SYMBOL        EVENTOS4_3
  C:0283H         SYMBOL        EVENTOS4_4
  C:0284H         SYMBOL        EVENTOS4_5
  C:0285H         SYMBOL        EVENTOS4_6
  C:0286H         SYMBOL        EVENTOS4_7
  C:0287H         SYMBOL        EVENTOS4_8
  C:0288H         SYMBOL        EVENTOS4_9
  C:02D0H         SYMBOL        EVENTOS5_0
  C:02D1H         SYMBOL        EVENTOS5_1
  C:02DAH         SYMBOL        EVENTOS5_10
  C:02DBH         SYMBOL        EVENTOS5_11
  C:02DCH         SYMBOL        EVENTOS5_12
  C:02DDH         SYMBOL        EVENTOS5_13
  C:02DEH         SYMBOL        EVENTOS5_14
  C:02DFH         SYMBOL        EVENTOS5_15
  C:02E0H         SYMBOL        EVENTOS5_16
  C:02E1H         SYMBOL        EVENTOS5_17
  C:02E2H         SYMBOL        EVENTOS5_18
  C:02E3H         SYMBOL        EVENTOS5_19
  C:02D2H         SYMBOL        EVENTOS5_2
  C:02E4H         SYMBOL        EVENTOS5_20
  C:02E5H         SYMBOL        EVENTOS5_21
  C:02E6H         SYMBOL        EVENTOS5_22
  C:02E7H         SYMBOL        EVENTOS5_23
BL51 BANKED LINKER/LOCATER V4.14                                                      11/22/2024  17:53:19  PAGE 5


  C:02D3H         SYMBOL        EVENTOS5_3
  C:02D4H         SYMBOL        EVENTOS5_4
  C:02D5H         SYMBOL        EVENTOS5_5
  C:02D6H         SYMBOL        EVENTOS5_6
  C:02D7H         SYMBOL        EVENTOS5_7
  C:02D8H         SYMBOL        EVENTOS5_8
  C:02D9H         SYMBOL        EVENTOS5_9
  C:0321H         SYMBOL        EVENTOS6_0
  C:0322H         SYMBOL        EVENTOS6_1
  C:032BH         SYMBOL        EVENTOS6_10
  C:032CH         SYMBOL        EVENTOS6_11
  C:032DH         SYMBOL        EVENTOS6_12
  C:032EH         SYMBOL        EVENTOS6_13
  C:032FH         SYMBOL        EVENTOS6_14
  C:0330H         SYMBOL        EVENTOS6_15
  C:0331H         SYMBOL        EVENTOS6_16
  C:0332H         SYMBOL        EVENTOS6_17
  C:0333H         SYMBOL        EVENTOS6_18
  C:0334H         SYMBOL        EVENTOS6_19
  C:0323H         SYMBOL        EVENTOS6_2
  C:0335H         SYMBOL        EVENTOS6_20
  C:0336H         SYMBOL        EVENTOS6_21
  C:0337H         SYMBOL        EVENTOS6_22
  C:0338H         SYMBOL        EVENTOS6_23
  C:0324H         SYMBOL        EVENTOS6_3
  C:0325H         SYMBOL        EVENTOS6_4
  C:0326H         SYMBOL        EVENTOS6_5
  C:0327H         SYMBOL        EVENTOS6_6
  C:0328H         SYMBOL        EVENTOS6_7
  C:0329H         SYMBOL        EVENTOS6_8
  C:032AH         SYMBOL        EVENTOS6_9
  C:0372H         SYMBOL        EVENTOS7_0
  C:0373H         SYMBOL        EVENTOS7_1
  C:037CH         SYMBOL        EVENTOS7_10
  C:037DH         SYMBOL        EVENTOS7_11
  C:037EH         SYMBOL        EVENTOS7_12
  C:037FH         SYMBOL        EVENTOS7_13
  C:0380H         SYMBOL        EVENTOS7_14
  C:0381H         SYMBOL        EVENTOS7_15
  C:0382H         SYMBOL        EVENTOS7_16
  C:0383H         SYMBOL        EVENTOS7_17
  C:0384H         SYMBOL        EVENTOS7_18
  C:0385H         SYMBOL        EVENTOS7_19
  C:0374H         SYMBOL        EVENTOS7_2
  C:0386H         SYMBOL        EVENTOS7_20
  C:0387H         SYMBOL        EVENTOS7_21
  C:0388H         SYMBOL        EVENTOS7_22
  C:0389H         SYMBOL        EVENTOS7_23
  C:0375H         SYMBOL        EVENTOS7_3
  C:0376H         SYMBOL        EVENTOS7_4
  C:0377H         SYMBOL        EVENTOS7_5
  C:0378H         SYMBOL        EVENTOS7_6
  C:0379H         SYMBOL        EVENTOS7_7
  C:037AH         SYMBOL        EVENTOS7_8
  C:037BH         SYMBOL        EVENTOS7_9
  C:03C3H         SYMBOL        EVENTOS8_0
  C:03C4H         SYMBOL        EVENTOS8_1
BL51 BANKED LINKER/LOCATER V4.14                                                      11/22/2024  17:53:19  PAGE 6


  C:03CDH         SYMBOL        EVENTOS8_10
  C:03CEH         SYMBOL        EVENTOS8_11
  C:03CFH         SYMBOL        EVENTOS8_12
  C:03D0H         SYMBOL        EVENTOS8_13
  C:03D1H         SYMBOL        EVENTOS8_14
  C:03D2H         SYMBOL        EVENTOS8_15
  C:03D3H         SYMBOL        EVENTOS8_16
  C:03D4H         SYMBOL        EVENTOS8_17
  C:03D5H         SYMBOL        EVENTOS8_18
  C:03D6H         SYMBOL        EVENTOS8_19
  C:03C5H         SYMBOL        EVENTOS8_2
  C:03D7H         SYMBOL        EVENTOS8_20
  C:03D8H         SYMBOL        EVENTOS8_21
  C:03D9H         SYMBOL        EVENTOS8_22
  C:03DAH         SYMBOL        EVENTOS8_23
  C:03C6H         SYMBOL        EVENTOS8_3
  C:03C7H         SYMBOL        EVENTOS8_4
  C:03C8H         SYMBOL        EVENTOS8_5
  C:03C9H         SYMBOL        EVENTOS8_6
  C:03CAH         SYMBOL        EVENTOS8_7
  C:03CBH         SYMBOL        EVENTOS8_8
  C:03CCH         SYMBOL        EVENTOS8_9
  C:0414H         SYMBOL        EVENTOS9_0
  C:0415H         SYMBOL        EVENTOS9_1
  C:041EH         SYMBOL        EVENTOS9_10
  C:041FH         SYMBOL        EVENTOS9_11
  C:0420H         SYMBOL        EVENTOS9_12
  C:0421H         SYMBOL        EVENTOS9_13
  C:0422H         SYMBOL        EVENTOS9_14
  C:0423H         SYMBOL        EVENTOS9_15
  C:0424H         SYMBOL        EVENTOS9_16
  C:0425H         SYMBOL        EVENTOS9_17
  C:0426H         SYMBOL        EVENTOS9_18
  C:0427H         SYMBOL        EVENTOS9_19
  C:0416H         SYMBOL        EVENTOS9_2
  C:0428H         SYMBOL        EVENTOS9_20
  C:0429H         SYMBOL        EVENTOS9_21
  C:042AH         SYMBOL        EVENTOS9_22
  C:042BH         SYMBOL        EVENTOS9_23
  C:0417H         SYMBOL        EVENTOS9_3
  C:0418H         SYMBOL        EVENTOS9_4
  C:0419H         SYMBOL        EVENTOS9_5
  C:041AH         SYMBOL        EVENTOS9_6
  C:041BH         SYMBOL        EVENTOS9_7
  C:041CH         SYMBOL        EVENTOS9_8
  C:041DH         SYMBOL        EVENTOS9_9
  C:00C0H         SYMBOL        EV_1
  C:00C5H         SYMBOL        EV_2
  B:00A0H.0       SYMBOL        EV_AGUA
  B:00A0H.1       SYMBOL        EV_JABON
  B:0090H.2       SYMBOL        FC_RH_TOP
  B:0090H.5       SYMBOL        FC_RV_BORDE
  B:00A0H.4       SYMBOL        FC_RV_CENTRO
  B:0080H.3       SYMBOL        FICHA_TIPO
  C:04ECH         SYMBOL        FIN_SUBTIMER
  C:00B9H         SYMBOL        GEN_EVE
  C:0088H         SYMBOL        INICIALIZAR
BL51 BANKED LINKER/LOCATER V4.14                                                      11/22/2024  17:53:19  PAGE 7


  C:0144H         SYMBOL        INICIAR_TIMER
  C:0080H         SYMBOL        INICIO
  B:00A0H.6       SYMBOL        LED_LNIT
  B:00A0H.5       SYMBOL        LED_LNOR
  C:0297H         SYMBOL        LIMPIAR_ATRAS
  C:038AH         SYMBOL        LIMPIAR_DELANTE
  C:00D0H         SYMBOL        LISTA_EST
  C:00F1H         SYMBOL        LISTA_EV_0
  C:015CH         SYMBOL        LISTA_EV_1
  C:0435H         SYMBOL        LISTA_EV_10
  C:0486H         SYMBOL        LISTA_EV_11
  C:01ADH         SYMBOL        LISTA_EV_2
  C:01FEH         SYMBOL        LISTA_EV_3
  C:024FH         SYMBOL        LISTA_EV_4
  C:02A0H         SYMBOL        LISTA_EV_5
  C:02F1H         SYMBOL        LISTA_EV_6
  C:0342H         SYMBOL        LISTA_EV_7
  C:0393H         SYMBOL        LISTA_EV_8
  C:03E4H         SYMBOL        LISTA_EV_9
  C:00CAH         SYMBOL        MAQ_ESTADOS
  C:00EBH         SYMBOL        MAQ_EVENTOS_0
  C:0156H         SYMBOL        MAQ_EVENTOS_1
  C:042FH         SYMBOL        MAQ_EVENTOS_10
  C:0480H         SYMBOL        MAQ_EVENTOS_11
  C:01A7H         SYMBOL        MAQ_EVENTOS_2
  C:01F8H         SYMBOL        MAQ_EVENTOS_3
  C:0249H         SYMBOL        MAQ_EVENTOS_4
  C:029AH         SYMBOL        MAQ_EVENTOS_5
  C:02EBH         SYMBOL        MAQ_EVENTOS_6
  C:033CH         SYMBOL        MAQ_EVENTOS_7
  C:038DH         SYMBOL        MAQ_EVENTOS_8
  C:03DEH         SYMBOL        MAQ_EVENTOS_9
  D:0080H         SYMBOL        P0
  D:0090H         SYMBOL        P1
  D:00A0H         SYMBOL        P2
  C:01F5H         SYMBOL        PONER_PUENTE
  C:02E8H         SYMBOL        PONER_RODILLOS
  C:04F1H         SYMBOL        PROGRAMAR_TIMER
  D:00D0H         SYMBOL        PSW
  B:0080H.5       SYMBOL        P_START
  C:047DH         SYMBOL        RETIRAR_COCHE
  B:0090H.4       SYMBOL        RH_DOWNTO
  B:0090H.7       SYMBOL        RH_INTO
  B:0090H.3       SYMBOL        RH_UPTO
  C:0339H         SYMBOL        RODILLOS
  B:0090H.6       SYMBOL        RV_OUTTO
  C:042CH         SYMBOL        SECADO
  B:0080H.1       SYMBOL        SEM_ROJO
  B:0080H.0       SYMBOL        SEM_VERDE
  C:04CEH         SYMBOL        SUB_TIMER
  B:00A0H.3       SYMBOL        S_CAR
  B:0080H.4       SYMBOL        S_FICHA
  B:0080H.2       SYMBOL        S_PLAT
  D:0088H         SYMBOL        TCON
  D:008CH         SYMBOL        TH0
  B:0020H.0       SYMBOL        TICK_50MS
  B:0020H.1       SYMBOL        TICK_5S
BL51 BANKED LINKER/LOCATER V4.14                                                      11/22/2024  17:53:19  PAGE 8


  D:008AH         SYMBOL        TL0
  D:0089H         SYMBOL        TMOD
  C:0000H         LINE#         46
  C:000BH         LINE#         53
  C:000DH         LINE#         54
  C:0080H         LINE#         63
  C:0082H         LINE#         65
  C:0084H         LINE#         66
  C:0086H         LINE#         67
  C:0088H         LINE#         74
  C:008AH         LINE#         75
  C:008CH         LINE#         76
  C:008EH         LINE#         77
  C:0090H         LINE#         78
  C:0092H         LINE#         79
  C:0094H         LINE#         80
  C:0096H         LINE#         81
  C:0098H         LINE#         82
  C:009AH         LINE#         83
  C:009CH         LINE#         84
  C:009EH         LINE#         85
  C:00A0H         LINE#         86
  C:00A2H         LINE#         87
  C:00A4H         LINE#         88
  C:00A6H         LINE#         89
  C:00A8H         LINE#         90
  C:00AAH         LINE#         91
  C:00ACH         LINE#         92
  C:00AEH         LINE#         93
  C:00B0H         LINE#         94
  C:00B2H         LINE#         95
  C:00B4H         LINE#         96
  C:00B6H         LINE#         97
  C:00B8H         LINE#         98
  C:00B9H         LINE#         105
  C:00BCH         LINE#         106
  C:00BFH         LINE#         107
  C:00C0H         LINE#         110
  C:00C2H         LINE#         111
  C:00C4H         LINE#         112
  C:00C5H         LINE#         114
  C:00C7H         LINE#         115
  C:00C9H         LINE#         116
  C:00CAH         LINE#         123
  C:00CBH         LINE#         124
  C:00CCH         LINE#         125
  C:00CFH         LINE#         126
  C:00D0H         LINE#         129
  C:00D2H         LINE#         130
  C:00D4H         LINE#         131
  C:00D6H         LINE#         132
  C:00D8H         LINE#         133
  C:00DAH         LINE#         134
  C:00DCH         LINE#         135
  C:00DEH         LINE#         136
  C:00E0H         LINE#         137
  C:00E2H         LINE#         138
BL51 BANKED LINKER/LOCATER V4.14                                                      11/22/2024  17:53:19  PAGE 9


  C:00E4H         LINE#         139
  C:00E6H         LINE#         140
  C:00E8H         LINE#         148
  C:00EAH         LINE#         149
  C:00EBH         LINE#         152
  C:00ECH         LINE#         153
  C:00EDH         LINE#         154
  C:00F0H         LINE#         155
  C:00F1H         LINE#         158
  C:00F3H         LINE#         159
  C:00F5H         LINE#         160
  C:00F7H         LINE#         161
  C:00F9H         LINE#         162
  C:00FBH         LINE#         163
  C:00FDH         LINE#         164
  C:00FFH         LINE#         165
  C:0101H         LINE#         166
  C:0103H         LINE#         167
  C:0105H         LINE#         168
  C:0107H         LINE#         169
  C:0109H         LINE#         170
  C:010BH         LINE#         171
  C:010DH         LINE#         172
  C:010FH         LINE#         173
  C:0111H         LINE#         174
  C:0113H         LINE#         175
  C:0115H         LINE#         176
  C:0117H         LINE#         177
  C:0119H         LINE#         178
  C:011BH         LINE#         179
  C:011DH         LINE#         180
  C:011FH         LINE#         181
  C:0121H         LINE#         184
  C:0124H         LINE#         185
  C:0125H         LINE#         187
  C:0128H         LINE#         188
  C:012BH         LINE#         189
  C:012CH         LINE#         194
  C:012EH         LINE#         195
  C:012FH         LINE#         199
  C:0130H         LINE#         203
  C:0131H         LINE#         206
  C:0132H         LINE#         209
  C:0133H         LINE#         212
  C:0134H         LINE#         216
  C:0135H         LINE#         218
  C:0136H         LINE#         221
  C:0137H         LINE#         224
  C:0138H         LINE#         227
  C:0139H         LINE#         230
  C:013AH         LINE#         233
  C:013BH         LINE#         236
  C:013CH         LINE#         239
  C:013DH         LINE#         242
  C:013EH         LINE#         245
  C:013FH         LINE#         248
  C:0140H         LINE#         251
BL51 BANKED LINKER/LOCATER V4.14                                                      11/22/2024  17:53:19  PAGE 10


  C:0141H         LINE#         254
  C:0142H         LINE#         257
  C:0143H         LINE#         260
  C:0144H         LINE#         263
  C:0146H         LINE#         264
  C:0148H         LINE#         265
  C:0149H         LINE#         268
  C:014BH         LINE#         269
  C:014DH         LINE#         270
  C:014EH         LINE#         273
  C:0150H         LINE#         274
  C:0152H         LINE#         275
  C:0153H         LINE#         281
  C:0155H         LINE#         282
  C:0156H         LINE#         285
  C:0157H         LINE#         286
  C:0158H         LINE#         287
  C:015BH         LINE#         288
  C:015CH         LINE#         290
  C:015EH         LINE#         291
  C:0160H         LINE#         292
  C:0162H         LINE#         293
  C:0164H         LINE#         294
  C:0166H         LINE#         295
  C:0168H         LINE#         296
  C:016AH         LINE#         297
  C:016CH         LINE#         298
  C:016EH         LINE#         299
  C:0170H         LINE#         300
  C:0172H         LINE#         301
  C:0174H         LINE#         302
  C:0176H         LINE#         303
  C:0178H         LINE#         304
  C:017AH         LINE#         305
  C:017CH         LINE#         306
  C:017EH         LINE#         307
  C:0180H         LINE#         308
  C:0182H         LINE#         309
  C:0184H         LINE#         310
  C:0186H         LINE#         311
  C:0188H         LINE#         312
  C:018AH         LINE#         313
  C:018CH         LINE#         316
  C:018DH         LINE#         319
  C:018EH         LINE#         322
  C:018FH         LINE#         325
  C:0190H         LINE#         329
  C:0191H         LINE#         332
  C:0192H         LINE#         336
  C:0193H         LINE#         339
  C:0194H         LINE#         343
  C:0195H         LINE#         345
  C:0196H         LINE#         348
  C:0197H         LINE#         351
  C:0198H         LINE#         354
  C:0199H         LINE#         357
  C:019AH         LINE#         360
BL51 BANKED LINKER/LOCATER V4.14                                                      11/22/2024  17:53:19  PAGE 11


  C:019BH         LINE#         363
  C:019CH         LINE#         366
  C:019DH         LINE#         369
  C:019EH         LINE#         372
  C:019FH         LINE#         375
  C:01A0H         LINE#         378
  C:01A1H         LINE#         381
  C:01A2H         LINE#         384
  C:01A3H         LINE#         387
  C:01A4H         LINE#         395
  C:01A6H         LINE#         396
  C:01A7H         LINE#         399
  C:01A8H         LINE#         400
  C:01A9H         LINE#         401
  C:01ACH         LINE#         402
  C:01ADH         LINE#         405
  C:01AFH         LINE#         406
  C:01B1H         LINE#         407
  C:01B3H         LINE#         408
  C:01B5H         LINE#         409
  C:01B7H         LINE#         410
  C:01B9H         LINE#         411
  C:01BBH         LINE#         412
  C:01BDH         LINE#         413
  C:01BFH         LINE#         414
  C:01C1H         LINE#         415
  C:01C3H         LINE#         416
  C:01C5H         LINE#         417
  C:01C7H         LINE#         418
  C:01C9H         LINE#         419
  C:01CBH         LINE#         420
  C:01CDH         LINE#         421
  C:01CFH         LINE#         422
  C:01D1H         LINE#         423
  C:01D3H         LINE#         424
  C:01D5H         LINE#         425
  C:01D7H         LINE#         426
  C:01D9H         LINE#         427
  C:01DBH         LINE#         428
  C:01DDH         LINE#         430
  C:01DEH         LINE#         433
  C:01DFH         LINE#         436
  C:01E0H         LINE#         439
  C:01E1H         LINE#         442
  C:01E2H         LINE#         446
  C:01E3H         LINE#         450
  C:01E4H         LINE#         454
  C:01E5H         LINE#         457
  C:01E6H         LINE#         460
  C:01E7H         LINE#         463
  C:01E8H         LINE#         466
  C:01E9H         LINE#         469
  C:01EAH         LINE#         472
  C:01EBH         LINE#         475
  C:01ECH         LINE#         478
  C:01EDH         LINE#         481
  C:01EEH         LINE#         484
BL51 BANKED LINKER/LOCATER V4.14                                                      11/22/2024  17:53:19  PAGE 12


  C:01EFH         LINE#         487
  C:01F0H         LINE#         490
  C:01F1H         LINE#         493
  C:01F2H         LINE#         496
  C:01F3H         LINE#         499
  C:01F4H         LINE#         502
  C:01F5H         LINE#         509
  C:01F7H         LINE#         510
  C:01F8H         LINE#         513
  C:01F9H         LINE#         514
  C:01FAH         LINE#         515
  C:01FDH         LINE#         516
  C:01FEH         LINE#         519
  C:0200H         LINE#         520
  C:0202H         LINE#         521
  C:0204H         LINE#         522
  C:0206H         LINE#         523
  C:0208H         LINE#         524
  C:020AH         LINE#         525
  C:020CH         LINE#         526
  C:020EH         LINE#         527
  C:0210H         LINE#         528
  C:0212H         LINE#         529
  C:0214H         LINE#         530
  C:0216H         LINE#         531
  C:0218H         LINE#         532
  C:021AH         LINE#         533
  C:021CH         LINE#         534
  C:021EH         LINE#         535
  C:0220H         LINE#         536
  C:0222H         LINE#         537
  C:0224H         LINE#         538
  C:0226H         LINE#         539
  C:0228H         LINE#         540
  C:022AH         LINE#         541
  C:022CH         LINE#         542
  C:022EH         LINE#         545
  C:022FH         LINE#         548
  C:0230H         LINE#         551
  C:0231H         LINE#         554
  C:0232H         LINE#         557
  C:0233H         LINE#         560
  C:0234H         LINE#         563
  C:0235H         LINE#         566
  C:0236H         LINE#         570
  C:0237H         LINE#         573
  C:0238H         LINE#         576
  C:0239H         LINE#         579
  C:023AH         LINE#         582
  C:023BH         LINE#         585
  C:023CH         LINE#         588
  C:023DH         LINE#         591
  C:023EH         LINE#         594
  C:023FH         LINE#         597
  C:0240H         LINE#         600
  C:0241H         LINE#         603
  C:0242H         LINE#         606
BL51 BANKED LINKER/LOCATER V4.14                                                      11/22/2024  17:53:19  PAGE 13


  C:0243H         LINE#         609
  C:0244H         LINE#         612
  C:0245H         LINE#         615
  C:0246H         LINE#         625
  C:0248H         LINE#         626
  C:0249H         LINE#         629
  C:024AH         LINE#         630
  C:024BH         LINE#         631
  C:024EH         LINE#         632
  C:024FH         LINE#         635
  C:0251H         LINE#         636
  C:0253H         LINE#         637
  C:0255H         LINE#         638
  C:0257H         LINE#         639
  C:0259H         LINE#         640
  C:025BH         LINE#         641
  C:025DH         LINE#         642
  C:025FH         LINE#         643
  C:0261H         LINE#         644
  C:0263H         LINE#         645
  C:0265H         LINE#         646
  C:0267H         LINE#         647
  C:0269H         LINE#         648
  C:026BH         LINE#         649
  C:026DH         LINE#         650
  C:026FH         LINE#         651
  C:0271H         LINE#         652
  C:0273H         LINE#         653
  C:0275H         LINE#         654
  C:0277H         LINE#         655
  C:0279H         LINE#         656
  C:027BH         LINE#         657
  C:027DH         LINE#         658
  C:027FH         LINE#         661
  C:0280H         LINE#         664
  C:0281H         LINE#         667
  C:0282H         LINE#         670
  C:0283H         LINE#         673
  C:0284H         LINE#         676
  C:0285H         LINE#         679
  C:0286H         LINE#         682
  C:0287H         LINE#         685
  C:0288H         LINE#         689
  C:0289H         LINE#         693
  C:028AH         LINE#         696
  C:028BH         LINE#         699
  C:028CH         LINE#         702
  C:028DH         LINE#         705
  C:028EH         LINE#         708
  C:028FH         LINE#         711
  C:0290H         LINE#         714
  C:0291H         LINE#         717
  C:0292H         LINE#         720
  C:0293H         LINE#         723
  C:0294H         LINE#         726
  C:0295H         LINE#         729
  C:0296H         LINE#         732
BL51 BANKED LINKER/LOCATER V4.14                                                      11/22/2024  17:53:19  PAGE 14


  C:0297H         LINE#         740
  C:0299H         LINE#         741
  C:029AH         LINE#         744
  C:029BH         LINE#         745
  C:029CH         LINE#         746
  C:029FH         LINE#         747
  C:02A0H         LINE#         749
  C:02A2H         LINE#         750
  C:02A4H         LINE#         751
  C:02A6H         LINE#         752
  C:02A8H         LINE#         753
  C:02AAH         LINE#         754
  C:02ACH         LINE#         755
  C:02AEH         LINE#         756
  C:02B0H         LINE#         757
  C:02B2H         LINE#         758
  C:02B4H         LINE#         759
  C:02B6H         LINE#         760
  C:02B8H         LINE#         761
  C:02BAH         LINE#         762
  C:02BCH         LINE#         763
  C:02BEH         LINE#         764
  C:02C0H         LINE#         765
  C:02C2H         LINE#         766
  C:02C4H         LINE#         767
  C:02C6H         LINE#         768
  C:02C8H         LINE#         769
  C:02CAH         LINE#         770
  C:02CCH         LINE#         771
  C:02CEH         LINE#         772
  C:02D0H         LINE#         775
  C:02D1H         LINE#         778
  C:02D2H         LINE#         781
  C:02D3H         LINE#         784
  C:02D4H         LINE#         787
  C:02D5H         LINE#         790
  C:02D6H         LINE#         793
  C:02D7H         LINE#         796
  C:02D8H         LINE#         799
  C:02D9H         LINE#         802
  C:02DAH         LINE#         805
  C:02DBH         LINE#         808
  C:02DCH         LINE#         811
  C:02DDH         LINE#         814
  C:02DEH         LINE#         817
  C:02DFH         LINE#         820
  C:02E0H         LINE#         824
  C:02E1H         LINE#         827
  C:02E2H         LINE#         830
  C:02E3H         LINE#         833
  C:02E4H         LINE#         836
  C:02E5H         LINE#         839
  C:02E6H         LINE#         842
  C:02E7H         LINE#         845
  C:02E8H         LINE#         853
  C:02EAH         LINE#         854
  C:02EBH         LINE#         857
BL51 BANKED LINKER/LOCATER V4.14                                                      11/22/2024  17:53:19  PAGE 15


  C:02ECH         LINE#         858
  C:02EDH         LINE#         859
  C:02F0H         LINE#         860
  C:02F1H         LINE#         863
  C:02F3H         LINE#         864
  C:02F5H         LINE#         865
  C:02F7H         LINE#         866
  C:02F9H         LINE#         867
  C:02FBH         LINE#         868
  C:02FDH         LINE#         869
  C:02FFH         LINE#         870
  C:0301H         LINE#         871
  C:0303H         LINE#         872
  C:0305H         LINE#         873
  C:0307H         LINE#         874
  C:0309H         LINE#         875
  C:030BH         LINE#         876
  C:030DH         LINE#         877
  C:030FH         LINE#         878
  C:0311H         LINE#         879
  C:0313H         LINE#         880
  C:0315H         LINE#         881
  C:0317H         LINE#         882
  C:0319H         LINE#         883
  C:031BH         LINE#         884
  C:031DH         LINE#         885
  C:031FH         LINE#         886
  C:0321H         LINE#         889
  C:0322H         LINE#         892
  C:0323H         LINE#         895
  C:0324H         LINE#         898
  C:0325H         LINE#         901
  C:0326H         LINE#         904
  C:0327H         LINE#         907
  C:0328H         LINE#         910
  C:0329H         LINE#         913
  C:032AH         LINE#         916
  C:032BH         LINE#         919
  C:032CH         LINE#         923
  C:032DH         LINE#         926
  C:032EH         LINE#         929
  C:032FH         LINE#         932
  C:0330H         LINE#         935
  C:0331H         LINE#         938
  C:0332H         LINE#         942
  C:0333H         LINE#         945
  C:0334H         LINE#         948
  C:0335H         LINE#         951
  C:0336H         LINE#         954
  C:0337H         LINE#         957
  C:0338H         LINE#         960
  C:0339H         LINE#         968
  C:033BH         LINE#         969
  C:033CH         LINE#         972
  C:033DH         LINE#         973
  C:033EH         LINE#         974
  C:0341H         LINE#         975
BL51 BANKED LINKER/LOCATER V4.14                                                      11/22/2024  17:53:19  PAGE 16


  C:0342H         LINE#         978
  C:0344H         LINE#         979
  C:0346H         LINE#         980
  C:0348H         LINE#         981
  C:034AH         LINE#         982
  C:034CH         LINE#         983
  C:034EH         LINE#         984
  C:0350H         LINE#         985
  C:0352H         LINE#         986
  C:0354H         LINE#         987
  C:0356H         LINE#         988
  C:0358H         LINE#         989
  C:035AH         LINE#         990
  C:035CH         LINE#         991
  C:035EH         LINE#         992
  C:0360H         LINE#         993
  C:0362H         LINE#         994
  C:0364H         LINE#         995
  C:0366H         LINE#         996
  C:0368H         LINE#         997
  C:036AH         LINE#         998
  C:036CH         LINE#         999
  C:036EH         LINE#         1000
  C:0370H         LINE#         1001
  C:0372H         LINE#         1004
  C:0373H         LINE#         1007
  C:0374H         LINE#         1010
  C:0375H         LINE#         1013
  C:0376H         LINE#         1016
  C:0377H         LINE#         1019
  C:0378H         LINE#         1022
  C:0379H         LINE#         1025
  C:037AH         LINE#         1028
  C:037BH         LINE#         1031
  C:037CH         LINE#         1034
  C:037DH         LINE#         1037
  C:037EH         LINE#         1041
  C:037FH         LINE#         1045
  C:0380H         LINE#         1049
  C:0381H         LINE#         1053
  C:0382H         LINE#         1056
  C:0383H         LINE#         1059
  C:0384H         LINE#         1063
  C:0385H         LINE#         1066
  C:0386H         LINE#         1069
  C:0387H         LINE#         1072
  C:0388H         LINE#         1075
  C:0389H         LINE#         1078
  C:038AH         LINE#         1086
  C:038CH         LINE#         1087
  C:038DH         LINE#         1091
  C:038EH         LINE#         1092
  C:038FH         LINE#         1093
  C:0392H         LINE#         1094
  C:0393H         LINE#         1097
  C:0395H         LINE#         1098
  C:0397H         LINE#         1099
BL51 BANKED LINKER/LOCATER V4.14                                                      11/22/2024  17:53:19  PAGE 17


  C:0399H         LINE#         1100
  C:039BH         LINE#         1101
  C:039DH         LINE#         1102
  C:039FH         LINE#         1103
  C:03A1H         LINE#         1104
  C:03A3H         LINE#         1105
  C:03A5H         LINE#         1106
  C:03A7H         LINE#         1107
  C:03A9H         LINE#         1108
  C:03ABH         LINE#         1109
  C:03ADH         LINE#         1110
  C:03AFH         LINE#         1111
  C:03B1H         LINE#         1112
  C:03B3H         LINE#         1113
  C:03B5H         LINE#         1114
  C:03B7H         LINE#         1115
  C:03B9H         LINE#         1116
  C:03BBH         LINE#         1117
  C:03BDH         LINE#         1118
  C:03BFH         LINE#         1119
  C:03C1H         LINE#         1120
  C:03C3H         LINE#         1123
  C:03C4H         LINE#         1126
  C:03C5H         LINE#         1129
  C:03C6H         LINE#         1132
  C:03C7H         LINE#         1135
  C:03C8H         LINE#         1138
  C:03C9H         LINE#         1141
  C:03CAH         LINE#         1144
  C:03CBH         LINE#         1147
  C:03CCH         LINE#         1150
  C:03CDH         LINE#         1153
  C:03CEH         LINE#         1156
  C:03CFH         LINE#         1159
  C:03D0H         LINE#         1162
  C:03D1H         LINE#         1165
  C:03D2H         LINE#         1168
  C:03D3H         LINE#         1171
  C:03D4H         LINE#         1174
  C:03D5H         LINE#         1177
  C:03D6H         LINE#         1181
  C:03D7H         LINE#         1185
  C:03D8H         LINE#         1188
  C:03D9H         LINE#         1191
  C:03DAH         LINE#         1194
  C:03DBH         LINE#         1202
  C:03DDH         LINE#         1203
  C:03DEH         LINE#         1206
  C:03DFH         LINE#         1207
  C:03E0H         LINE#         1208
  C:03E3H         LINE#         1209
  C:03E4H         LINE#         1212
  C:03E6H         LINE#         1213
  C:03E8H         LINE#         1214
  C:03EAH         LINE#         1215
  C:03ECH         LINE#         1216
  C:03EEH         LINE#         1217
BL51 BANKED LINKER/LOCATER V4.14                                                      11/22/2024  17:53:19  PAGE 18


  C:03F0H         LINE#         1218
  C:03F2H         LINE#         1219
  C:03F4H         LINE#         1220
  C:03F6H         LINE#         1221
  C:03F8H         LINE#         1222
  C:03FAH         LINE#         1223
  C:03FCH         LINE#         1224
  C:03FEH         LINE#         1225
  C:0400H         LINE#         1226
  C:0402H         LINE#         1227
  C:0404H         LINE#         1228
  C:0406H         LINE#         1229
  C:0408H         LINE#         1230
  C:040AH         LINE#         1231
  C:040CH         LINE#         1232
  C:040EH         LINE#         1233
  C:0410H         LINE#         1234
  C:0412H         LINE#         1235
  C:0414H         LINE#         1238
  C:0415H         LINE#         1241
  C:0416H         LINE#         1244
  C:0417H         LINE#         1247
  C:0418H         LINE#         1250
  C:0419H         LINE#         1253
  C:041AH         LINE#         1256
  C:041BH         LINE#         1259
  C:041CH         LINE#         1262
  C:041DH         LINE#         1265
  C:041EH         LINE#         1268
  C:041FH         LINE#         1271
  C:0420H         LINE#         1274
  C:0421H         LINE#         1277
  C:0422H         LINE#         1280
  C:0423H         LINE#         1283
  C:0424H         LINE#         1286
  C:0425H         LINE#         1289
  C:0426H         LINE#         1292
  C:0427H         LINE#         1296
  C:0428H         LINE#         1299
  C:0429H         LINE#         1303
  C:042AH         LINE#         1306
  C:042BH         LINE#         1309
  C:042CH         LINE#         1316
  C:042EH         LINE#         1317
  C:042FH         LINE#         1320
  C:0430H         LINE#         1321
  C:0431H         LINE#         1322
  C:0434H         LINE#         1323
  C:0435H         LINE#         1326
  C:0437H         LINE#         1327
  C:0439H         LINE#         1328
  C:043BH         LINE#         1329
  C:043DH         LINE#         1330
  C:043FH         LINE#         1331
  C:0441H         LINE#         1332
  C:0443H         LINE#         1333
  C:0445H         LINE#         1334
BL51 BANKED LINKER/LOCATER V4.14                                                      11/22/2024  17:53:19  PAGE 19


  C:0447H         LINE#         1335
  C:0449H         LINE#         1336
  C:044BH         LINE#         1337
  C:044DH         LINE#         1338
  C:044FH         LINE#         1339
  C:0451H         LINE#         1340
  C:0453H         LINE#         1341
  C:0455H         LINE#         1342
  C:0457H         LINE#         1343
  C:0459H         LINE#         1344
  C:045BH         LINE#         1345
  C:045DH         LINE#         1346
  C:045FH         LINE#         1347
  C:0461H         LINE#         1348
  C:0463H         LINE#         1349
  C:0465H         LINE#         1352
  C:0466H         LINE#         1355
  C:0467H         LINE#         1358
  C:0468H         LINE#         1361
  C:0469H         LINE#         1364
  C:046AH         LINE#         1367
  C:046BH         LINE#         1370
  C:046CH         LINE#         1373
  C:046DH         LINE#         1376
  C:046EH         LINE#         1379
  C:046FH         LINE#         1382
  C:0470H         LINE#         1385
  C:0471H         LINE#         1388
  C:0472H         LINE#         1391
  C:0473H         LINE#         1394
  C:0474H         LINE#         1397
  C:0475H         LINE#         1400
  C:0476H         LINE#         1403
  C:0477H         LINE#         1406
  C:0478H         LINE#         1409
  C:0479H         LINE#         1412
  C:047AH         LINE#         1415
  C:047BH         LINE#         1419
  C:047CH         LINE#         1422
  C:047DH         LINE#         1430
  C:047FH         LINE#         1431
  C:0480H         LINE#         1434
  C:0481H         LINE#         1435
  C:0482H         LINE#         1436
  C:0485H         LINE#         1437
  C:0486H         LINE#         1440
  C:0488H         LINE#         1441
  C:048AH         LINE#         1442
  C:048CH         LINE#         1443
  C:048EH         LINE#         1444
  C:0490H         LINE#         1445
  C:0492H         LINE#         1446
  C:0494H         LINE#         1447
  C:0496H         LINE#         1448
  C:0498H         LINE#         1449
  C:049AH         LINE#         1450
  C:049CH         LINE#         1451
BL51 BANKED LINKER/LOCATER V4.14                                                      11/22/2024  17:53:19  PAGE 20


  C:049EH         LINE#         1452
  C:04A0H         LINE#         1453
  C:04A2H         LINE#         1454
  C:04A4H         LINE#         1455
  C:04A6H         LINE#         1456
  C:04A8H         LINE#         1457
  C:04AAH         LINE#         1458
  C:04ACH         LINE#         1459
  C:04AEH         LINE#         1460
  C:04B0H         LINE#         1461
  C:04B2H         LINE#         1462
  C:04B4H         LINE#         1463
  C:04B6H         LINE#         1466
  C:04B7H         LINE#         1469
  C:04B8H         LINE#         1472
  C:04B9H         LINE#         1475
  C:04BAH         LINE#         1478
  C:04BBH         LINE#         1481
  C:04BCH         LINE#         1484
  C:04BDH         LINE#         1487
  C:04BEH         LINE#         1490
  C:04BFH         LINE#         1493
  C:04C0H         LINE#         1496
  C:04C1H         LINE#         1499
  C:04C2H         LINE#         1502
  C:04C3H         LINE#         1505
  C:04C4H         LINE#         1508
  C:04C5H         LINE#         1511
  C:04C6H         LINE#         1514
  C:04C7H         LINE#         1517
  C:04C8H         LINE#         1520
  C:04C9H         LINE#         1523
  C:04CAH         LINE#         1526
  C:04CBH         LINE#         1529
  C:04CCH         LINE#         1532
  C:04CDH         LINE#         1536
  C:04CEH         LINE#         1540
  C:04D0H         LINE#         1541
  C:04D2H         LINE#         1542
  C:04D4H         LINE#         1543
  C:04D7H         LINE#         1544
  C:04DAH         LINE#         1545
  C:04DCH         LINE#         1546
  C:04DEH         LINE#         1547
  C:04E0H         LINE#         1548
  C:04E3H         LINE#         1551
  C:04E6H         LINE#         1552
  C:04E8H         LINE#         1553
  C:04EAH         LINE#         1554
  C:04ECH         LINE#         1557
  C:04EEH         LINE#         1558
  C:04F0H         LINE#         1559
  C:04F1H         LINE#         1562
  C:04F4H         LINE#         1563
  C:04F7H         LINE#         1564
  C:04FAH         LINE#         1565
  C:04FCH         LINE#         1566
BL51 BANKED LINKER/LOCATER V4.14                                                      11/22/2024  17:53:19  PAGE 21


  C:04FEH         LINE#         1567
  C:0500H         LINE#         1568
  C:0503H         LINE#         1569
  C:0505H         LINE#         1570
  C:0507H         LINE#         1571
  -------         ENDMOD        LAVADERO

******************************************************************************
* RESTRICTED VERSION WITH 0800H BYTE CODE SIZE LIMIT; USED: 0494H BYTE (57%) *
******************************************************************************

LINK/LOCATE RUN COMPLETE.  0 WARNING(S),  0 ERROR(S)
